ARM GAS  C:\Users\username\AppData\Local\Temp\ccl8iJAI.s 			page 1


   1              		.cpu cortex-m0
   2              		.fpu softvfp
   3              		.eabi_attribute 20, 1
   4              		.eabi_attribute 21, 1
   5              		.eabi_attribute 23, 3
   6              		.eabi_attribute 24, 1
   7              		.eabi_attribute 25, 1
   8              		.eabi_attribute 26, 1
   9              		.eabi_attribute 30, 1
  10              		.eabi_attribute 34, 0
  11              		.eabi_attribute 18, 4
  12              		.code	16
  13              		.file	"cyfitter_cfg.c"
  14              		.text
  15              	.Ltext0:
  16              		.cfi_sections	.debug_frame
  17              		.section	.text.AnalogSetDefault,"ax",%progbits
  18              		.align	2
  19              		.code	16
  20              		.thumb_func
  21              		.type	AnalogSetDefault, %function
  22              	AnalogSetDefault:
  23              	.LFB6:
  24              		.file 1 ".\\Generated_Source\\PSoC4\\cyfitter_cfg.c"
   1:.\Generated_Source\PSoC4/cyfitter_cfg.c **** /*******************************************************************************
   2:.\Generated_Source\PSoC4/cyfitter_cfg.c **** * File Name: cyfitter_cfg.c
   3:.\Generated_Source\PSoC4/cyfitter_cfg.c **** * 
   4:.\Generated_Source\PSoC4/cyfitter_cfg.c **** * PSoC Creator  3.3 CP1
   5:.\Generated_Source\PSoC4/cyfitter_cfg.c **** *
   6:.\Generated_Source\PSoC4/cyfitter_cfg.c **** * Description:
   7:.\Generated_Source\PSoC4/cyfitter_cfg.c **** * This file contains device initialization code.
   8:.\Generated_Source\PSoC4/cyfitter_cfg.c **** * Except for the user defined sections in CyClockStartupError(), this file should not be modified.
   9:.\Generated_Source\PSoC4/cyfitter_cfg.c **** * This file is automatically generated by PSoC Creator.
  10:.\Generated_Source\PSoC4/cyfitter_cfg.c **** *
  11:.\Generated_Source\PSoC4/cyfitter_cfg.c **** ********************************************************************************
  12:.\Generated_Source\PSoC4/cyfitter_cfg.c **** * Copyright (c) 2007-2015 Cypress Semiconductor.  All rights reserved.
  13:.\Generated_Source\PSoC4/cyfitter_cfg.c **** * You may use this file only in accordance with the license, terms, conditions, 
  14:.\Generated_Source\PSoC4/cyfitter_cfg.c **** * disclaimers, and limitations in the end user license agreement accompanying 
  15:.\Generated_Source\PSoC4/cyfitter_cfg.c **** * the software package with which this file was provided.
  16:.\Generated_Source\PSoC4/cyfitter_cfg.c **** ********************************************************************************/
  17:.\Generated_Source\PSoC4/cyfitter_cfg.c **** 
  18:.\Generated_Source\PSoC4/cyfitter_cfg.c **** #include <string.h>
  19:.\Generated_Source\PSoC4/cyfitter_cfg.c **** #include "cytypes.h"
  20:.\Generated_Source\PSoC4/cyfitter_cfg.c **** #include "cydevice_trm.h"
  21:.\Generated_Source\PSoC4/cyfitter_cfg.c **** #include "cyfitter.h"
  22:.\Generated_Source\PSoC4/cyfitter_cfg.c **** #include "CyLib.h"
  23:.\Generated_Source\PSoC4/cyfitter_cfg.c **** #include "CyLFClk.h"
  24:.\Generated_Source\PSoC4/cyfitter_cfg.c **** #include "cyfitter_cfg.h"
  25:.\Generated_Source\PSoC4/cyfitter_cfg.c **** 
  26:.\Generated_Source\PSoC4/cyfitter_cfg.c **** 
  27:.\Generated_Source\PSoC4/cyfitter_cfg.c **** #if defined(__GNUC__) || defined(__ARMCC_VERSION)
  28:.\Generated_Source\PSoC4/cyfitter_cfg.c ****     #define CYPACKED 
  29:.\Generated_Source\PSoC4/cyfitter_cfg.c ****     #define CYPACKED_ATTR __attribute__ ((packed))
  30:.\Generated_Source\PSoC4/cyfitter_cfg.c ****     #define CYALIGNED __attribute__ ((aligned))
  31:.\Generated_Source\PSoC4/cyfitter_cfg.c ****     #define CY_CFG_UNUSED __attribute__ ((unused))
  32:.\Generated_Source\PSoC4/cyfitter_cfg.c ****     #define CY_CFG_SECTION __attribute__ ((section(".psocinit")))
  33:.\Generated_Source\PSoC4/cyfitter_cfg.c ****     
ARM GAS  C:\Users\username\AppData\Local\Temp\ccl8iJAI.s 			page 2


  34:.\Generated_Source\PSoC4/cyfitter_cfg.c ****     #if defined(__ARMCC_VERSION)
  35:.\Generated_Source\PSoC4/cyfitter_cfg.c ****         #define CY_CFG_MEMORY_BARRIER() __memory_changed()
  36:.\Generated_Source\PSoC4/cyfitter_cfg.c ****     #else
  37:.\Generated_Source\PSoC4/cyfitter_cfg.c ****         #define CY_CFG_MEMORY_BARRIER() __sync_synchronize()
  38:.\Generated_Source\PSoC4/cyfitter_cfg.c ****     #endif
  39:.\Generated_Source\PSoC4/cyfitter_cfg.c ****     
  40:.\Generated_Source\PSoC4/cyfitter_cfg.c **** #elif defined(__ICCARM__)
  41:.\Generated_Source\PSoC4/cyfitter_cfg.c ****     #include <intrinsics.h>
  42:.\Generated_Source\PSoC4/cyfitter_cfg.c **** 
  43:.\Generated_Source\PSoC4/cyfitter_cfg.c ****     #define CYPACKED __packed
  44:.\Generated_Source\PSoC4/cyfitter_cfg.c ****     #define CYPACKED_ATTR 
  45:.\Generated_Source\PSoC4/cyfitter_cfg.c ****     #define CYALIGNED _Pragma("data_alignment=4")
  46:.\Generated_Source\PSoC4/cyfitter_cfg.c ****     #define CY_CFG_UNUSED _Pragma("diag_suppress=Pe177")
  47:.\Generated_Source\PSoC4/cyfitter_cfg.c ****     #define CY_CFG_SECTION _Pragma("location=\".psocinit\"")
  48:.\Generated_Source\PSoC4/cyfitter_cfg.c ****     
  49:.\Generated_Source\PSoC4/cyfitter_cfg.c ****     #define CY_CFG_MEMORY_BARRIER() __DMB()
  50:.\Generated_Source\PSoC4/cyfitter_cfg.c ****     
  51:.\Generated_Source\PSoC4/cyfitter_cfg.c **** #else
  52:.\Generated_Source\PSoC4/cyfitter_cfg.c ****     #error Unsupported toolchain
  53:.\Generated_Source\PSoC4/cyfitter_cfg.c **** #endif
  54:.\Generated_Source\PSoC4/cyfitter_cfg.c **** 
  55:.\Generated_Source\PSoC4/cyfitter_cfg.c **** 
  56:.\Generated_Source\PSoC4/cyfitter_cfg.c **** CY_CFG_UNUSED
  57:.\Generated_Source\PSoC4/cyfitter_cfg.c **** static void CYMEMZERO(void *s, size_t n);
  58:.\Generated_Source\PSoC4/cyfitter_cfg.c **** CY_CFG_UNUSED
  59:.\Generated_Source\PSoC4/cyfitter_cfg.c **** static void CYMEMZERO(void *s, size_t n)
  60:.\Generated_Source\PSoC4/cyfitter_cfg.c **** {
  61:.\Generated_Source\PSoC4/cyfitter_cfg.c **** 	(void)memset(s, 0, n);
  62:.\Generated_Source\PSoC4/cyfitter_cfg.c **** }
  63:.\Generated_Source\PSoC4/cyfitter_cfg.c **** CY_CFG_UNUSED
  64:.\Generated_Source\PSoC4/cyfitter_cfg.c **** static void CYCONFIGCPY(void *dest, const void *src, size_t n);
  65:.\Generated_Source\PSoC4/cyfitter_cfg.c **** CY_CFG_UNUSED
  66:.\Generated_Source\PSoC4/cyfitter_cfg.c **** static void CYCONFIGCPY(void *dest, const void *src, size_t n)
  67:.\Generated_Source\PSoC4/cyfitter_cfg.c **** {
  68:.\Generated_Source\PSoC4/cyfitter_cfg.c **** 	(void)memcpy(dest, src, n);
  69:.\Generated_Source\PSoC4/cyfitter_cfg.c **** }
  70:.\Generated_Source\PSoC4/cyfitter_cfg.c **** CY_CFG_UNUSED
  71:.\Generated_Source\PSoC4/cyfitter_cfg.c **** static void CYCONFIGCPYCODE(void *dest, const void *src, size_t n);
  72:.\Generated_Source\PSoC4/cyfitter_cfg.c **** CY_CFG_UNUSED
  73:.\Generated_Source\PSoC4/cyfitter_cfg.c **** static void CYCONFIGCPYCODE(void *dest, const void *src, size_t n)
  74:.\Generated_Source\PSoC4/cyfitter_cfg.c **** {
  75:.\Generated_Source\PSoC4/cyfitter_cfg.c **** 	(void)memcpy(dest, src, n);
  76:.\Generated_Source\PSoC4/cyfitter_cfg.c **** }
  77:.\Generated_Source\PSoC4/cyfitter_cfg.c **** 
  78:.\Generated_Source\PSoC4/cyfitter_cfg.c **** 
  79:.\Generated_Source\PSoC4/cyfitter_cfg.c **** 
  80:.\Generated_Source\PSoC4/cyfitter_cfg.c **** /* Clock startup error codes                                                   */
  81:.\Generated_Source\PSoC4/cyfitter_cfg.c **** #define CYCLOCKSTART_NO_ERROR    0u
  82:.\Generated_Source\PSoC4/cyfitter_cfg.c **** #define CYCLOCKSTART_XTAL_ERROR  1u
  83:.\Generated_Source\PSoC4/cyfitter_cfg.c **** #define CYCLOCKSTART_32KHZ_ERROR 2u
  84:.\Generated_Source\PSoC4/cyfitter_cfg.c **** #define CYCLOCKSTART_PLL_ERROR   3u
  85:.\Generated_Source\PSoC4/cyfitter_cfg.c **** 
  86:.\Generated_Source\PSoC4/cyfitter_cfg.c **** #ifdef CY_NEED_CYCLOCKSTARTUPERROR
  87:.\Generated_Source\PSoC4/cyfitter_cfg.c **** /*******************************************************************************
  88:.\Generated_Source\PSoC4/cyfitter_cfg.c **** * Function Name: CyClockStartupError
  89:.\Generated_Source\PSoC4/cyfitter_cfg.c **** ********************************************************************************
  90:.\Generated_Source\PSoC4/cyfitter_cfg.c **** * Summary:
ARM GAS  C:\Users\username\AppData\Local\Temp\ccl8iJAI.s 			page 3


  91:.\Generated_Source\PSoC4/cyfitter_cfg.c **** *  If an error is encountered during clock configuration (crystal startup error,
  92:.\Generated_Source\PSoC4/cyfitter_cfg.c **** *  PLL lock error, etc.), the system will end up here.  Unless reimplemented by
  93:.\Generated_Source\PSoC4/cyfitter_cfg.c **** *  the customer, this function will stop in an infinite loop.
  94:.\Generated_Source\PSoC4/cyfitter_cfg.c **** *
  95:.\Generated_Source\PSoC4/cyfitter_cfg.c **** * Parameters:
  96:.\Generated_Source\PSoC4/cyfitter_cfg.c **** *   void
  97:.\Generated_Source\PSoC4/cyfitter_cfg.c **** *
  98:.\Generated_Source\PSoC4/cyfitter_cfg.c **** * Return:
  99:.\Generated_Source\PSoC4/cyfitter_cfg.c **** *   void
 100:.\Generated_Source\PSoC4/cyfitter_cfg.c **** *
 101:.\Generated_Source\PSoC4/cyfitter_cfg.c **** *******************************************************************************/
 102:.\Generated_Source\PSoC4/cyfitter_cfg.c **** CY_CFG_UNUSED
 103:.\Generated_Source\PSoC4/cyfitter_cfg.c **** static void CyClockStartupError(uint8 errorCode);
 104:.\Generated_Source\PSoC4/cyfitter_cfg.c **** CY_CFG_UNUSED
 105:.\Generated_Source\PSoC4/cyfitter_cfg.c **** static void CyClockStartupError(uint8 errorCode)
 106:.\Generated_Source\PSoC4/cyfitter_cfg.c **** {
 107:.\Generated_Source\PSoC4/cyfitter_cfg.c ****     /* To remove the compiler warning if errorCode not used.                */
 108:.\Generated_Source\PSoC4/cyfitter_cfg.c ****     errorCode = errorCode;
 109:.\Generated_Source\PSoC4/cyfitter_cfg.c **** 
 110:.\Generated_Source\PSoC4/cyfitter_cfg.c ****     /* `#START CyClockStartupError` */
 111:.\Generated_Source\PSoC4/cyfitter_cfg.c **** 
 112:.\Generated_Source\PSoC4/cyfitter_cfg.c ****     /* If we have a clock startup error (bad MHz crystal, PLL lock, etc.),  */
 113:.\Generated_Source\PSoC4/cyfitter_cfg.c ****     /* we will end up here to allow the customer to implement something to  */
 114:.\Generated_Source\PSoC4/cyfitter_cfg.c ****     /* deal with the clock condition.                                       */
 115:.\Generated_Source\PSoC4/cyfitter_cfg.c **** 
 116:.\Generated_Source\PSoC4/cyfitter_cfg.c ****     /* `#END` */
 117:.\Generated_Source\PSoC4/cyfitter_cfg.c **** 
 118:.\Generated_Source\PSoC4/cyfitter_cfg.c ****     /* If nothing else, stop here since the clocks have not started         */
 119:.\Generated_Source\PSoC4/cyfitter_cfg.c ****     /* correctly.                                                           */
 120:.\Generated_Source\PSoC4/cyfitter_cfg.c ****     while(1) {}
 121:.\Generated_Source\PSoC4/cyfitter_cfg.c **** }
 122:.\Generated_Source\PSoC4/cyfitter_cfg.c **** #endif
 123:.\Generated_Source\PSoC4/cyfitter_cfg.c **** 
 124:.\Generated_Source\PSoC4/cyfitter_cfg.c **** 
 125:.\Generated_Source\PSoC4/cyfitter_cfg.c **** 
 126:.\Generated_Source\PSoC4/cyfitter_cfg.c **** /*******************************************************************************
 127:.\Generated_Source\PSoC4/cyfitter_cfg.c **** * Function Name: ClockSetup
 128:.\Generated_Source\PSoC4/cyfitter_cfg.c **** ********************************************************************************
 129:.\Generated_Source\PSoC4/cyfitter_cfg.c **** *
 130:.\Generated_Source\PSoC4/cyfitter_cfg.c **** * Summary:
 131:.\Generated_Source\PSoC4/cyfitter_cfg.c **** *   Performs the initialization of all of the clocks in the device based on the
 132:.\Generated_Source\PSoC4/cyfitter_cfg.c **** *   settings in the Clock tab of the DWR.  This includes enabling the requested
 133:.\Generated_Source\PSoC4/cyfitter_cfg.c **** *   clocks and setting the necessary dividers to produce the desired frequency. 
 134:.\Generated_Source\PSoC4/cyfitter_cfg.c **** *
 135:.\Generated_Source\PSoC4/cyfitter_cfg.c **** * Parameters:
 136:.\Generated_Source\PSoC4/cyfitter_cfg.c **** *   void
 137:.\Generated_Source\PSoC4/cyfitter_cfg.c **** *
 138:.\Generated_Source\PSoC4/cyfitter_cfg.c **** * Return:
 139:.\Generated_Source\PSoC4/cyfitter_cfg.c **** *   void
 140:.\Generated_Source\PSoC4/cyfitter_cfg.c **** *
 141:.\Generated_Source\PSoC4/cyfitter_cfg.c **** *******************************************************************************/
 142:.\Generated_Source\PSoC4/cyfitter_cfg.c **** static void ClockSetup(void);
 143:.\Generated_Source\PSoC4/cyfitter_cfg.c **** CY_CFG_SECTION
 144:.\Generated_Source\PSoC4/cyfitter_cfg.c **** static void ClockSetup(void)
 145:.\Generated_Source\PSoC4/cyfitter_cfg.c **** {
 146:.\Generated_Source\PSoC4/cyfitter_cfg.c **** 
 147:.\Generated_Source\PSoC4/cyfitter_cfg.c **** 	/* Set Flash Cycles based on max possible frequency in case a glitch occurs during ClockSetup(). *
ARM GAS  C:\Users\username\AppData\Local\Temp\ccl8iJAI.s 			page 4


 148:.\Generated_Source\PSoC4/cyfitter_cfg.c **** 	CY_SET_REG32((void CYXDATA *)(CYREG_CPUSS_FLASH_CTL), (0x0012u));
 149:.\Generated_Source\PSoC4/cyfitter_cfg.c **** 
 150:.\Generated_Source\PSoC4/cyfitter_cfg.c **** 	/* Start the WCO */
 151:.\Generated_Source\PSoC4/cyfitter_cfg.c **** 	CySysClkWcoStart();
 152:.\Generated_Source\PSoC4/cyfitter_cfg.c **** 	CyDelayCycles(12000000u); /* WCO may take up to 500ms to start */
 153:.\Generated_Source\PSoC4/cyfitter_cfg.c **** 	(void)CySysClkWcoSetPowerMode(CY_SYS_CLK_WCO_LPM);    /* Switch to the low power mode */
 154:.\Generated_Source\PSoC4/cyfitter_cfg.c **** 
 155:.\Generated_Source\PSoC4/cyfitter_cfg.c **** 	/* Setup and trim IMO based on desired frequency. */
 156:.\Generated_Source\PSoC4/cyfitter_cfg.c **** 	CySysClkWriteImoFreq(48u);
 157:.\Generated_Source\PSoC4/cyfitter_cfg.c **** 	/* CYDEV_CLK_ILO_CONFIG Starting address: CYDEV_CLK_ILO_CONFIG */
 158:.\Generated_Source\PSoC4/cyfitter_cfg.c **** 	CY_SET_XTND_REG32((void CYFAR *)(CYREG_CLK_ILO_CONFIG), 0x80000006u);
 159:.\Generated_Source\PSoC4/cyfitter_cfg.c **** 
 160:.\Generated_Source\PSoC4/cyfitter_cfg.c **** 	/* CYDEV_WDT_CONFIG Starting address: CYDEV_WDT_CONFIG */
 161:.\Generated_Source\PSoC4/cyfitter_cfg.c **** 	CY_SET_XTND_REG32((void CYFAR *)(CYREG_WDT_CONFIG), 0x40000000u);
 162:.\Generated_Source\PSoC4/cyfitter_cfg.c **** 
 163:.\Generated_Source\PSoC4/cyfitter_cfg.c **** 
 164:.\Generated_Source\PSoC4/cyfitter_cfg.c **** 	/* Enable fast start mode for XO */
 165:.\Generated_Source\PSoC4/cyfitter_cfg.c **** 	CY_SET_REG32((void*)CYREG_BLE_BLERD_BB_XO, CY_GET_REG32((void*)CYREG_BLE_BLERD_BB_XO) | (uint32)0x
 166:.\Generated_Source\PSoC4/cyfitter_cfg.c **** 	CY_SET_XTND_REG32((void CYFAR *)(CYREG_BLE_BLERD_BB_XO_CAPTRIM), 0x00003E2Du);
 167:.\Generated_Source\PSoC4/cyfitter_cfg.c **** 	/* Disable Crystal Stable Interrupt before enabling ECO */
 168:.\Generated_Source\PSoC4/cyfitter_cfg.c **** 	CY_SET_REG32((void*)CYREG_BLE_BLESS_LL_DSM_CTRL, CY_GET_REG32((void*)CYREG_BLE_BLESS_LL_DSM_CTRL) 
 169:.\Generated_Source\PSoC4/cyfitter_cfg.c **** 	/* Start the ECO and do not check status since it is not needed for HFCLK */
 170:.\Generated_Source\PSoC4/cyfitter_cfg.c **** 	(void)CySysClkEcoStart(2000u);
 171:.\Generated_Source\PSoC4/cyfitter_cfg.c **** 	CyDelayUs(1500u); /* Wait to stabalize */
 172:.\Generated_Source\PSoC4/cyfitter_cfg.c **** 
 173:.\Generated_Source\PSoC4/cyfitter_cfg.c **** 	/* Setup phase aligned clocks */
 174:.\Generated_Source\PSoC4/cyfitter_cfg.c **** 	CY_SET_REG32((void *)CYREG_PERI_DIV_16_CTL0, 0x00000500u);
 175:.\Generated_Source\PSoC4/cyfitter_cfg.c **** 	CY_SET_REG32((void *)CYREG_PERI_DIV_CMD, 0x8000FF40u);
 176:.\Generated_Source\PSoC4/cyfitter_cfg.c **** 	CY_SET_REG32((void *)CYREG_PERI_DIV_16_CTL1, 0x00002200u);
 177:.\Generated_Source\PSoC4/cyfitter_cfg.c **** 	CY_SET_REG32((void *)CYREG_PERI_DIV_CMD, 0x8000FF41u);
 178:.\Generated_Source\PSoC4/cyfitter_cfg.c **** 
 179:.\Generated_Source\PSoC4/cyfitter_cfg.c **** 	/* CYDEV_CLK_IMO_CONFIG Starting address: CYDEV_CLK_IMO_CONFIG */
 180:.\Generated_Source\PSoC4/cyfitter_cfg.c **** 	CY_SET_XTND_REG32((void CYFAR *)(CYREG_CLK_IMO_CONFIG), 0x80000000u);
 181:.\Generated_Source\PSoC4/cyfitter_cfg.c **** 
 182:.\Generated_Source\PSoC4/cyfitter_cfg.c **** 	/* CYDEV_CLK_SELECT Starting address: CYDEV_CLK_SELECT */
 183:.\Generated_Source\PSoC4/cyfitter_cfg.c **** 	CY_SET_XTND_REG32((void CYFAR *)(CYREG_CLK_SELECT), 0x00040000u);
 184:.\Generated_Source\PSoC4/cyfitter_cfg.c **** 
 185:.\Generated_Source\PSoC4/cyfitter_cfg.c **** 	/* CYDEV_PERI_PCLK_CTL2 Starting address: CYDEV_PERI_PCLK_CTL2 */
 186:.\Generated_Source\PSoC4/cyfitter_cfg.c **** 	CY_SET_XTND_REG32((void CYFAR *)(CYREG_PERI_PCLK_CTL2), 0x00000040u);
 187:.\Generated_Source\PSoC4/cyfitter_cfg.c **** 
 188:.\Generated_Source\PSoC4/cyfitter_cfg.c **** 	/* CYDEV_PERI_PCLK_CTL1 Starting address: CYDEV_PERI_PCLK_CTL1 */
 189:.\Generated_Source\PSoC4/cyfitter_cfg.c **** 	CY_SET_XTND_REG32((void CYFAR *)(CYREG_PERI_PCLK_CTL1), 0x00000041u);
 190:.\Generated_Source\PSoC4/cyfitter_cfg.c **** 
 191:.\Generated_Source\PSoC4/cyfitter_cfg.c **** 	(void)CyIntSetVector(8u, &CySysWdtIsr);
 192:.\Generated_Source\PSoC4/cyfitter_cfg.c **** 	CyIntEnable(8u);
 193:.\Generated_Source\PSoC4/cyfitter_cfg.c **** 	CY_SET_XTND_REG32((void CYFAR *)(CYREG_WDT_CONFIG), 0x40000000u);
 194:.\Generated_Source\PSoC4/cyfitter_cfg.c **** }
 195:.\Generated_Source\PSoC4/cyfitter_cfg.c **** 
 196:.\Generated_Source\PSoC4/cyfitter_cfg.c **** 
 197:.\Generated_Source\PSoC4/cyfitter_cfg.c **** /* Analog API Functions */
 198:.\Generated_Source\PSoC4/cyfitter_cfg.c **** 
 199:.\Generated_Source\PSoC4/cyfitter_cfg.c **** 
 200:.\Generated_Source\PSoC4/cyfitter_cfg.c **** /*******************************************************************************
 201:.\Generated_Source\PSoC4/cyfitter_cfg.c **** * Function Name: AnalogSetDefault
 202:.\Generated_Source\PSoC4/cyfitter_cfg.c **** ********************************************************************************
 203:.\Generated_Source\PSoC4/cyfitter_cfg.c **** *
 204:.\Generated_Source\PSoC4/cyfitter_cfg.c **** * Summary:
ARM GAS  C:\Users\username\AppData\Local\Temp\ccl8iJAI.s 			page 5


 205:.\Generated_Source\PSoC4/cyfitter_cfg.c **** *  Sets up the analog portions of the chip to default values based on chip
 206:.\Generated_Source\PSoC4/cyfitter_cfg.c **** *  configuration options from the project.
 207:.\Generated_Source\PSoC4/cyfitter_cfg.c **** *
 208:.\Generated_Source\PSoC4/cyfitter_cfg.c **** * Parameters:
 209:.\Generated_Source\PSoC4/cyfitter_cfg.c **** *  void
 210:.\Generated_Source\PSoC4/cyfitter_cfg.c **** *
 211:.\Generated_Source\PSoC4/cyfitter_cfg.c **** * Return:
 212:.\Generated_Source\PSoC4/cyfitter_cfg.c **** *  void
 213:.\Generated_Source\PSoC4/cyfitter_cfg.c **** *
 214:.\Generated_Source\PSoC4/cyfitter_cfg.c **** *******************************************************************************/
 215:.\Generated_Source\PSoC4/cyfitter_cfg.c **** static void AnalogSetDefault(void);
 216:.\Generated_Source\PSoC4/cyfitter_cfg.c **** static void AnalogSetDefault(void)
 217:.\Generated_Source\PSoC4/cyfitter_cfg.c **** {
  25              		.loc 1 217 0
  26              		.cfi_startproc
 218:.\Generated_Source\PSoC4/cyfitter_cfg.c **** 	CY_SET_XTND_REG32((void CYFAR *)CYREG_CTBM0_DFT_CTRL, 0x00000003u);
  27              		.loc 1 218 0
  28 0000 0323     		mov	r3, #3
  29 0002 044A     		ldr	r2, .L2
  30 0004 1360     		str	r3, [r2]
 219:.\Generated_Source\PSoC4/cyfitter_cfg.c **** 	CY_SET_XTND_REG32((void CYFAR *)CYREG_CTBM1_DFT_CTRL, 0x00000003u);
  31              		.loc 1 219 0
  32 0006 044A     		ldr	r2, .L2+4
  33 0008 1360     		str	r3, [r2]
 220:.\Generated_Source\PSoC4/cyfitter_cfg.c **** 	CY_SET_XTND_REG32((void CYFAR *)CYREG_PASS_DSAB_DSAB_CTRL, 0x00000000u);
  34              		.loc 1 220 0
  35 000a 0022     		mov	r2, #0
  36 000c 034B     		ldr	r3, .L2+8
  37 000e 1A60     		str	r2, [r3]
 221:.\Generated_Source\PSoC4/cyfitter_cfg.c **** }
  38              		.loc 1 221 0
  39              		@ sp needed
  40 0010 7047     		bx	lr
  41              	.L3:
  42 0012 C046     		.align	2
  43              	.L2:
  44 0014 30003040 		.word	1076887600
  45 0018 30003140 		.word	1076953136
  46 001c 000E3F40 		.word	1077874176
  47              		.cfi_endproc
  48              	.LFE6:
  49              		.size	AnalogSetDefault, .-AnalogSetDefault
  50              		.section	.text.CYMEMZERO,"ax",%progbits
  51              		.align	2
  52              		.code	16
  53              		.thumb_func
  54              		.type	CYMEMZERO, %function
  55              	CYMEMZERO:
  56              	.LFB2:
  60:.\Generated_Source\PSoC4/cyfitter_cfg.c **** 	(void)memset(s, 0, n);
  57              		.loc 1 60 0
  58              		.cfi_startproc
  59              	.LVL0:
  60 0000 08B5     		push	{r3, lr}
  61              		.cfi_def_cfa_offset 8
  62              		.cfi_offset 3, -8
  63              		.cfi_offset 14, -4
ARM GAS  C:\Users\username\AppData\Local\Temp\ccl8iJAI.s 			page 6


  64 0002 0A1C     		mov	r2, r1
  61:.\Generated_Source\PSoC4/cyfitter_cfg.c **** }
  65              		.loc 1 61 0
  66 0004 0021     		mov	r1, #0
  67              	.LVL1:
  68 0006 FFF7FEFF 		bl	memset
  69              	.LVL2:
  62:.\Generated_Source\PSoC4/cyfitter_cfg.c **** CY_CFG_UNUSED
  70              		.loc 1 62 0
  71              		@ sp needed
  72 000a 08BD     		pop	{r3, pc}
  73              		.cfi_endproc
  74              	.LFE2:
  75              		.size	CYMEMZERO, .-CYMEMZERO
  76              		.section	.psocinit,"ax",%progbits
  77              		.align	2
  78              		.code	16
  79              		.thumb_func
  80              		.type	ClockSetup, %function
  81              	ClockSetup:
  82              	.LFB5:
 145:.\Generated_Source\PSoC4/cyfitter_cfg.c **** 
  83              		.loc 1 145 0
  84              		.cfi_startproc
  85 0000 38B5     		push	{r3, r4, r5, lr}
  86              		.cfi_def_cfa_offset 16
  87              		.cfi_offset 3, -16
  88              		.cfi_offset 4, -12
  89              		.cfi_offset 5, -8
  90              		.cfi_offset 14, -4
 148:.\Generated_Source\PSoC4/cyfitter_cfg.c **** 
  91              		.loc 1 148 0
  92 0002 1222     		mov	r2, #18
  93 0004 254B     		ldr	r3, .L6
  94 0006 1A60     		str	r2, [r3]
 151:.\Generated_Source\PSoC4/cyfitter_cfg.c **** 	CyDelayCycles(12000000u); /* WCO may take up to 500ms to start */
  95              		.loc 1 151 0
  96 0008 FFF7FEFF 		bl	CySysClkWcoStart
  97              	.LVL3:
 152:.\Generated_Source\PSoC4/cyfitter_cfg.c **** 	(void)CySysClkWcoSetPowerMode(CY_SYS_CLK_WCO_LPM);    /* Switch to the low power mode */
  98              		.loc 1 152 0
  99 000c 2448     		ldr	r0, .L6+4
 100 000e FFF7FEFF 		bl	CyDelayCycles
 101              	.LVL4:
 153:.\Generated_Source\PSoC4/cyfitter_cfg.c **** 
 102              		.loc 1 153 0
 103 0012 0120     		mov	r0, #1
 104 0014 FFF7FEFF 		bl	CySysClkWcoSetPowerMode
 105              	.LVL5:
 156:.\Generated_Source\PSoC4/cyfitter_cfg.c **** 	/* CYDEV_CLK_ILO_CONFIG Starting address: CYDEV_CLK_ILO_CONFIG */
 106              		.loc 1 156 0
 107 0018 3020     		mov	r0, #48
 108 001a FFF7FEFF 		bl	CySysClkWriteImoFreq
 109              	.LVL6:
 158:.\Generated_Source\PSoC4/cyfitter_cfg.c **** 
 110              		.loc 1 158 0
 111 001e 214A     		ldr	r2, .L6+8
ARM GAS  C:\Users\username\AppData\Local\Temp\ccl8iJAI.s 			page 7


 112 0020 214B     		ldr	r3, .L6+12
 113 0022 1A60     		str	r2, [r3]
 161:.\Generated_Source\PSoC4/cyfitter_cfg.c **** 
 114              		.loc 1 161 0
 115 0024 214C     		ldr	r4, .L6+16
 116 0026 8025     		mov	r5, #128
 117 0028 ED05     		lsl	r5, r5, #23
 118 002a 2560     		str	r5, [r4]
 165:.\Generated_Source\PSoC4/cyfitter_cfg.c **** 	CY_SET_XTND_REG32((void CYFAR *)(CYREG_BLE_BLERD_BB_XO_CAPTRIM), 0x00003E2Du);
 119              		.loc 1 165 0
 120 002c 204A     		ldr	r2, .L6+20
 121 002e 1168     		ldr	r1, [r2]
 122 0030 0223     		mov	r3, #2
 123 0032 0B43     		orr	r3, r1
 124 0034 1360     		str	r3, [r2]
 166:.\Generated_Source\PSoC4/cyfitter_cfg.c **** 	/* Disable Crystal Stable Interrupt before enabling ECO */
 125              		.loc 1 166 0
 126 0036 1F4A     		ldr	r2, .L6+24
 127 0038 1F4B     		ldr	r3, .L6+28
 128 003a 1A60     		str	r2, [r3]
 168:.\Generated_Source\PSoC4/cyfitter_cfg.c **** 	/* Start the ECO and do not check status since it is not needed for HFCLK */
 129              		.loc 1 168 0
 130 003c 1F4A     		ldr	r2, .L6+32
 131 003e 1368     		ldr	r3, [r2]
 132 0040 0821     		mov	r1, #8
 133 0042 8B43     		bic	r3, r1
 134 0044 1360     		str	r3, [r2]
 170:.\Generated_Source\PSoC4/cyfitter_cfg.c **** 	CyDelayUs(1500u); /* Wait to stabalize */
 135              		.loc 1 170 0
 136 0046 FA20     		mov	r0, #250
 137 0048 C000     		lsl	r0, r0, #3
 138 004a FFF7FEFF 		bl	CySysClkEcoStart
 139              	.LVL7:
 171:.\Generated_Source\PSoC4/cyfitter_cfg.c **** 
 140              		.loc 1 171 0
 141 004e 1C48     		ldr	r0, .L6+36
 142 0050 FFF7FEFF 		bl	CyDelayUs
 143              	.LVL8:
 174:.\Generated_Source\PSoC4/cyfitter_cfg.c **** 	CY_SET_REG32((void *)CYREG_PERI_DIV_CMD, 0x8000FF40u);
 144              		.loc 1 174 0
 145 0054 A022     		mov	r2, #160
 146 0056 D200     		lsl	r2, r2, #3
 147 0058 1A4B     		ldr	r3, .L6+40
 148 005a 1A60     		str	r2, [r3]
 175:.\Generated_Source\PSoC4/cyfitter_cfg.c **** 	CY_SET_REG32((void *)CYREG_PERI_DIV_16_CTL1, 0x00002200u);
 149              		.loc 1 175 0
 150 005c 1A4B     		ldr	r3, .L6+44
 151 005e 1B4A     		ldr	r2, .L6+48
 152 0060 1A60     		str	r2, [r3]
 176:.\Generated_Source\PSoC4/cyfitter_cfg.c **** 	CY_SET_REG32((void *)CYREG_PERI_DIV_CMD, 0x8000FF41u);
 153              		.loc 1 176 0
 154 0062 8821     		mov	r1, #136
 155 0064 8901     		lsl	r1, r1, #6
 156 0066 1A4A     		ldr	r2, .L6+52
 157 0068 1160     		str	r1, [r2]
 177:.\Generated_Source\PSoC4/cyfitter_cfg.c **** 
 158              		.loc 1 177 0
ARM GAS  C:\Users\username\AppData\Local\Temp\ccl8iJAI.s 			page 8


 159 006a 1A4A     		ldr	r2, .L6+56
 160 006c 1A60     		str	r2, [r3]
 180:.\Generated_Source\PSoC4/cyfitter_cfg.c **** 
 161              		.loc 1 180 0
 162 006e 8022     		mov	r2, #128
 163 0070 1206     		lsl	r2, r2, #24
 164 0072 194B     		ldr	r3, .L6+60
 165 0074 1A60     		str	r2, [r3]
 183:.\Generated_Source\PSoC4/cyfitter_cfg.c **** 
 166              		.loc 1 183 0
 167 0076 8022     		mov	r2, #128
 168 0078 D202     		lsl	r2, r2, #11
 169 007a 184B     		ldr	r3, .L6+64
 170 007c 1A60     		str	r2, [r3]
 186:.\Generated_Source\PSoC4/cyfitter_cfg.c **** 
 171              		.loc 1 186 0
 172 007e 4022     		mov	r2, #64
 173 0080 174B     		ldr	r3, .L6+68
 174 0082 1A60     		str	r2, [r3]
 189:.\Generated_Source\PSoC4/cyfitter_cfg.c **** 
 175              		.loc 1 189 0
 176 0084 0132     		add	r2, r2, #1
 177 0086 174B     		ldr	r3, .L6+72
 178 0088 1A60     		str	r2, [r3]
 191:.\Generated_Source\PSoC4/cyfitter_cfg.c **** 	CyIntEnable(8u);
 179              		.loc 1 191 0
 180 008a 0820     		mov	r0, #8
 181 008c 1649     		ldr	r1, .L6+76
 182 008e FFF7FEFF 		bl	CyIntSetVector
 183              	.LVL9:
 192:.\Generated_Source\PSoC4/cyfitter_cfg.c **** 	CY_SET_XTND_REG32((void CYFAR *)(CYREG_WDT_CONFIG), 0x40000000u);
 184              		.loc 1 192 0
 185 0092 0820     		mov	r0, #8
 186 0094 FFF7FEFF 		bl	CyIntEnable
 187              	.LVL10:
 193:.\Generated_Source\PSoC4/cyfitter_cfg.c **** }
 188              		.loc 1 193 0
 189 0098 2560     		str	r5, [r4]
 194:.\Generated_Source\PSoC4/cyfitter_cfg.c **** 
 190              		.loc 1 194 0
 191              		@ sp needed
 192 009a 38BD     		pop	{r3, r4, r5, pc}
 193              	.L7:
 194              		.align	2
 195              	.L6:
 196 009c 30001040 		.word	1074790448
 197 00a0 001BB700 		.word	12000000
 198 00a4 06000080 		.word	-2147483642
 199 00a8 04010B40 		.word	1074462980
 200 00ac 0C020B40 		.word	1074463244
 201 00b0 78002E40 		.word	1076756600
 202 00b4 2D3E0000 		.word	15917
 203 00b8 7C002E40 		.word	1076756604
 204 00bc 6CF02E40 		.word	1076818028
 205 00c0 DC050000 		.word	1500
 206 00c4 00030140 		.word	1073808128
 207 00c8 00000140 		.word	1073807360
ARM GAS  C:\Users\username\AppData\Local\Temp\ccl8iJAI.s 			page 9


 208 00cc 40FF0080 		.word	-2147418304
 209 00d0 04030140 		.word	1073808132
 210 00d4 41FF0080 		.word	-2147418303
 211 00d8 08010B40 		.word	1074462984
 212 00dc 00010B40 		.word	1074462976
 213 00e0 08010140 		.word	1073807624
 214 00e4 04010140 		.word	1073807620
 215 00e8 00000000 		.word	CySysWdtIsr
 216              		.cfi_endproc
 217              	.LFE5:
 218              		.size	ClockSetup, .-ClockSetup
 219              		.align	2
 220              		.global	cyfitter_cfg
 221              		.code	16
 222              		.thumb_func
 223              		.type	cyfitter_cfg, %function
 224              	cyfitter_cfg:
 225              	.LFB7:
 222:.\Generated_Source\PSoC4/cyfitter_cfg.c **** 
 223:.\Generated_Source\PSoC4/cyfitter_cfg.c **** #define CY_AMUX_UNUSED CYREG_CM0_ROM_DWT
 224:.\Generated_Source\PSoC4/cyfitter_cfg.c **** 
 225:.\Generated_Source\PSoC4/cyfitter_cfg.c **** 
 226:.\Generated_Source\PSoC4/cyfitter_cfg.c **** /*******************************************************************************
 227:.\Generated_Source\PSoC4/cyfitter_cfg.c **** * Function Name: cyfitter_cfg
 228:.\Generated_Source\PSoC4/cyfitter_cfg.c **** ********************************************************************************
 229:.\Generated_Source\PSoC4/cyfitter_cfg.c **** * Summary:
 230:.\Generated_Source\PSoC4/cyfitter_cfg.c **** *  This function is called by the start-up code for the selected device. It
 231:.\Generated_Source\PSoC4/cyfitter_cfg.c **** *  performs all of the necessary device configuration based on the design
 232:.\Generated_Source\PSoC4/cyfitter_cfg.c **** *  settings.  This includes settings from the Design Wide Resources (DWR) such
 233:.\Generated_Source\PSoC4/cyfitter_cfg.c **** *  as Clocks and Pins as well as any component configuration that is necessary.
 234:.\Generated_Source\PSoC4/cyfitter_cfg.c **** *
 235:.\Generated_Source\PSoC4/cyfitter_cfg.c **** * Parameters:  
 236:.\Generated_Source\PSoC4/cyfitter_cfg.c **** *   void
 237:.\Generated_Source\PSoC4/cyfitter_cfg.c **** *
 238:.\Generated_Source\PSoC4/cyfitter_cfg.c **** * Return:
 239:.\Generated_Source\PSoC4/cyfitter_cfg.c **** *   void
 240:.\Generated_Source\PSoC4/cyfitter_cfg.c **** *
 241:.\Generated_Source\PSoC4/cyfitter_cfg.c **** *******************************************************************************/
 242:.\Generated_Source\PSoC4/cyfitter_cfg.c **** CY_CFG_SECTION
 243:.\Generated_Source\PSoC4/cyfitter_cfg.c **** void cyfitter_cfg(void)
 244:.\Generated_Source\PSoC4/cyfitter_cfg.c **** {
 226              		.loc 1 244 0
 227              		.cfi_startproc
 228 00ec 10B5     		push	{r4, lr}
 229              		.cfi_def_cfa_offset 8
 230              		.cfi_offset 4, -8
 231              		.cfi_offset 14, -4
 245:.\Generated_Source\PSoC4/cyfitter_cfg.c **** 	/* Disable interrupts by default. Let user enable if/when they want. */
 246:.\Generated_Source\PSoC4/cyfitter_cfg.c **** 	CyGlobalIntDisable;
 232              		.loc 1 246 0
 233              	@ 246 ".\Generated_Source\PSoC4\cyfitter_cfg.c" 1
 234 00ee 72B6     		CPSID   i
 235              	@ 0 "" 2
 247:.\Generated_Source\PSoC4/cyfitter_cfg.c **** 
 248:.\Generated_Source\PSoC4/cyfitter_cfg.c **** 	CY_SET_XTND_REG32((void CYFAR *)(CYREG_BLE_BLESS_LL_DSM_CTRL), 0x00000000u);
 236              		.loc 1 248 0
 237              		.code	16
ARM GAS  C:\Users\username\AppData\Local\Temp\ccl8iJAI.s 			page 10


 238 00f0 0022     		mov	r2, #0
 239 00f2 1E4B     		ldr	r3, .L11
 240 00f4 1A60     		str	r2, [r3]
 241              	.LVL11:
 242              	.LBB2:
 249:.\Generated_Source\PSoC4/cyfitter_cfg.c **** 
 250:.\Generated_Source\PSoC4/cyfitter_cfg.c **** 	{
 251:.\Generated_Source\PSoC4/cyfitter_cfg.c **** 
 252:.\Generated_Source\PSoC4/cyfitter_cfg.c **** 		CYPACKED typedef struct {
 253:.\Generated_Source\PSoC4/cyfitter_cfg.c **** 			void CYFAR *address;
 254:.\Generated_Source\PSoC4/cyfitter_cfg.c **** 			uint16 size;
 255:.\Generated_Source\PSoC4/cyfitter_cfg.c **** 		} CYPACKED_ATTR cfg_memset_t;
 256:.\Generated_Source\PSoC4/cyfitter_cfg.c **** 
 257:.\Generated_Source\PSoC4/cyfitter_cfg.c **** 		static const cfg_memset_t CYCODE cfg_memset_list [] = {
 258:.\Generated_Source\PSoC4/cyfitter_cfg.c **** 			/* address, size */
 259:.\Generated_Source\PSoC4/cyfitter_cfg.c **** 			{(void CYFAR *)(CYDEV_UDB_P0_U0_BASE), 1024u},
 260:.\Generated_Source\PSoC4/cyfitter_cfg.c **** 			{(void CYFAR *)(CYDEV_UDB_DSI0_BASE), 1024u},
 261:.\Generated_Source\PSoC4/cyfitter_cfg.c **** 		};
 262:.\Generated_Source\PSoC4/cyfitter_cfg.c **** 
 263:.\Generated_Source\PSoC4/cyfitter_cfg.c **** 		uint8 CYDATA i;
 264:.\Generated_Source\PSoC4/cyfitter_cfg.c **** 
 265:.\Generated_Source\PSoC4/cyfitter_cfg.c **** 		/* Zero out critical memory blocks before beginning configuration */
 266:.\Generated_Source\PSoC4/cyfitter_cfg.c **** 		for (i = 0u; i < (sizeof(cfg_memset_list)/sizeof(cfg_memset_list[0])); i++)
 243              		.loc 1 266 0
 244 00f6 0024     		mov	r4, #0
 245 00f8 10E0     		b	.L9
 246              	.LVL12:
 247              	.L10:
 248              	.LBB3:
 267:.\Generated_Source\PSoC4/cyfitter_cfg.c **** 		{
 268:.\Generated_Source\PSoC4/cyfitter_cfg.c **** 			const cfg_memset_t CYCODE * CYDATA ms = &cfg_memset_list[i];
 269:.\Generated_Source\PSoC4/cyfitter_cfg.c **** 			CYMEMZERO(ms->address, (size_t)(uint32)(ms->size));
 249              		.loc 1 269 0 discriminator 3
 250 00fa 1D48     		ldr	r0, .L11+4
 251 00fc 6300     		lsl	r3, r4, #1
 252 00fe 1A19     		add	r2, r3, r4
 253 0100 5200     		lsl	r2, r2, #1
 254 0102 8218     		add	r2, r0, r2
 255 0104 9188     		ldrh	r1, [r2, #4]
 256 0106 1B19     		add	r3, r3, r4
 257 0108 5B00     		lsl	r3, r3, #1
 258 010a 1A5A     		ldrh	r2, [r3, r0]
 259 010c C318     		add	r3, r0, r3
 260 010e 5888     		ldrh	r0, [r3, #2]
 261 0110 0004     		lsl	r0, r0, #16
 262 0112 1043     		orr	r0, r2
 263 0114 FFF7FEFF 		bl	CYMEMZERO
 264              	.LVL13:
 265              	.LBE3:
 266:.\Generated_Source\PSoC4/cyfitter_cfg.c **** 		{
 266              		.loc 1 266 0 discriminator 3
 267 0118 0134     		add	r4, r4, #1
 268              	.LVL14:
 269 011a E4B2     		uxtb	r4, r4
 270              	.LVL15:
 271              	.L9:
 266:.\Generated_Source\PSoC4/cyfitter_cfg.c **** 		{
ARM GAS  C:\Users\username\AppData\Local\Temp\ccl8iJAI.s 			page 11


 272              		.loc 1 266 0 is_stmt 0 discriminator 1
 273 011c 012C     		cmp	r4, #1
 274 011e ECD9     		bls	.L10
 270:.\Generated_Source\PSoC4/cyfitter_cfg.c **** 		}
 271:.\Generated_Source\PSoC4/cyfitter_cfg.c **** 
 272:.\Generated_Source\PSoC4/cyfitter_cfg.c **** 		/* HSIOM Starting address: CYDEV_HSIOM_BASE */
 273:.\Generated_Source\PSoC4/cyfitter_cfg.c **** 		CY_SET_XTND_REG32((void CYFAR *)(CYDEV_HSIOM_BASE), 0xEE9900EEu);
 275              		.loc 1 273 0 is_stmt 1
 276 0120 144A     		ldr	r2, .L11+8
 277 0122 154B     		ldr	r3, .L11+12
 278 0124 1A60     		str	r2, [r3]
 274:.\Generated_Source\PSoC4/cyfitter_cfg.c **** 
 275:.\Generated_Source\PSoC4/cyfitter_cfg.c **** 		/* UDB_PA_0 Starting address: CYDEV_UDB_PA0_BASE */
 276:.\Generated_Source\PSoC4/cyfitter_cfg.c **** 		CY_SET_XTND_REG32((void CYFAR *)(CYDEV_UDB_PA0_BASE), 0x00990000u);
 279              		.loc 1 276 0
 280 0126 9922     		mov	r2, #153
 281 0128 1204     		lsl	r2, r2, #16
 282 012a 144B     		ldr	r3, .L11+16
 283 012c 1A60     		str	r2, [r3]
 277:.\Generated_Source\PSoC4/cyfitter_cfg.c **** 
 278:.\Generated_Source\PSoC4/cyfitter_cfg.c **** 		/* Enable digital routing */
 279:.\Generated_Source\PSoC4/cyfitter_cfg.c **** 		CY_SET_XTND_REG8((void *)CYREG_UDB_UDBIF_BANK_CTL, CY_GET_XTND_REG8((void *)CYREG_UDB_UDBIF_BANK_
 284              		.loc 1 279 0
 285 012e 144B     		ldr	r3, .L11+20
 286 0130 1978     		ldrb	r1, [r3]
 287 0132 0222     		mov	r2, #2
 288 0134 0A43     		orr	r2, r1
 289 0136 1A70     		strb	r2, [r3]
 280:.\Generated_Source\PSoC4/cyfitter_cfg.c **** 
 281:.\Generated_Source\PSoC4/cyfitter_cfg.c **** 		/* Enable UDB array */
 282:.\Generated_Source\PSoC4/cyfitter_cfg.c **** 		CY_SET_XTND_REG8((void *)CYREG_UDB_UDBIF_WAIT_CFG, (uint8)((CY_GET_XTND_REG8((void *)CYREG_UDB_UD
 290              		.loc 1 282 0
 291 0138 1248     		ldr	r0, .L11+24
 292 013a 0278     		ldrb	r2, [r0]
 293 013c 3C21     		mov	r1, #60
 294 013e 8A43     		bic	r2, r1
 295 0140 2839     		sub	r1, r1, #40
 296 0142 0A43     		orr	r2, r1
 297 0144 0270     		strb	r2, [r0]
 283:.\Generated_Source\PSoC4/cyfitter_cfg.c **** 		CY_SET_XTND_REG8((void *)CYREG_UDB_UDBIF_BANK_CTL, (uint8)(CY_GET_XTND_REG8((void *)CYREG_UDB_UDB
 298              		.loc 1 283 0
 299 0146 1978     		ldrb	r1, [r3]
 300 0148 1622     		mov	r2, #22
 301 014a 0A43     		orr	r2, r1
 302 014c 1A70     		strb	r2, [r3]
 303              	.LBE2:
 284:.\Generated_Source\PSoC4/cyfitter_cfg.c **** 	}
 285:.\Generated_Source\PSoC4/cyfitter_cfg.c **** 
 286:.\Generated_Source\PSoC4/cyfitter_cfg.c **** 	/* Perform second pass device configuration. These items must be configured in specific order afte
 287:.\Generated_Source\PSoC4/cyfitter_cfg.c **** 	/* IOPINS0_0 Starting address: CYDEV_GPIO_PRT0_BASE */
 288:.\Generated_Source\PSoC4/cyfitter_cfg.c **** 	CY_SET_XTND_REG32((void CYFAR *)(CYDEV_GPIO_PRT0_BASE), 0x00000023u);
 304              		.loc 1 288 0
 305 014e 2322     		mov	r2, #35
 306 0150 0D4B     		ldr	r3, .L11+28
 307 0152 1A60     		str	r2, [r3]
 289:.\Generated_Source\PSoC4/cyfitter_cfg.c **** 	CY_SET_XTND_REG32((void CYFAR *)(CYREG_GPIO_PRT0_PC), 0x00DB11A4u);
 308              		.loc 1 289 0
ARM GAS  C:\Users\username\AppData\Local\Temp\ccl8iJAI.s 			page 12


 309 0154 0D4A     		ldr	r2, .L11+32
 310 0156 0E4B     		ldr	r3, .L11+36
 311 0158 1A60     		str	r2, [r3]
 290:.\Generated_Source\PSoC4/cyfitter_cfg.c **** 	CY_SET_XTND_REG32((void CYFAR *)(CYREG_GPIO_PRT0_PC2), 0x00000020u);
 312              		.loc 1 290 0
 313 015a 2022     		mov	r2, #32
 314 015c 0D4B     		ldr	r3, .L11+40
 315 015e 1A60     		str	r2, [r3]
 291:.\Generated_Source\PSoC4/cyfitter_cfg.c **** 
 292:.\Generated_Source\PSoC4/cyfitter_cfg.c **** 	/* Setup clocks based on selections from Clock DWR */
 293:.\Generated_Source\PSoC4/cyfitter_cfg.c **** 	ClockSetup();
 316              		.loc 1 293 0
 317 0160 FFF74EFF 		bl	ClockSetup
 318              	.LVL16:
 294:.\Generated_Source\PSoC4/cyfitter_cfg.c **** 
 295:.\Generated_Source\PSoC4/cyfitter_cfg.c **** 	/* Perform basic analog initialization to defaults */
 296:.\Generated_Source\PSoC4/cyfitter_cfg.c **** 	AnalogSetDefault();
 319              		.loc 1 296 0
 320 0164 FFF7FEFF 		bl	AnalogSetDefault
 321              	.LVL17:
 297:.\Generated_Source\PSoC4/cyfitter_cfg.c **** 
 298:.\Generated_Source\PSoC4/cyfitter_cfg.c **** }
 322              		.loc 1 298 0
 323              		@ sp needed
 324              	.LVL18:
 325 0168 10BD     		pop	{r4, pc}
 326              	.L12:
 327 016a C046     		.align	2
 328              	.L11:
 329 016c 6CF02E40 		.word	1076818028
 330 0170 00000000 		.word	.LANCHOR0
 331 0174 EE0099EE 		.word	-291962642
 332 0178 00000240 		.word	1073872896
 333 017c 00500F40 		.word	1074745344
 334 0180 00700F40 		.word	1074753536
 335 0184 01700F40 		.word	1074753537
 336 0188 00000440 		.word	1074003968
 337 018c A411DB00 		.word	14356900
 338 0190 08000440 		.word	1074003976
 339 0194 18000440 		.word	1074003992
 340              		.cfi_endproc
 341              	.LFE7:
 342              		.size	cyfitter_cfg, .-cyfitter_cfg
 343              		.section	.rodata
 344              		.align	2
 345              		.set	.LANCHOR0,. + 0
 346              		.type	cfg_memset_list.4742, %object
 347              		.size	cfg_memset_list.4742, 12
 348              	cfg_memset_list.4742:
 349 0000 00300F40 		.word	1074737152
 350 0004 0004     		.short	1024
 351 0006 00400F40 		.4byte	1074741248
 352 000a 0004     		.short	1024
 353              		.text
 354              	.Letext0:
 355              		.file 2 "c:\\program files (x86)\\cypress\\psoc creator\\3.3\\psoc creator\\import\\gnu\\arm\\4.9.
 356              		.file 3 ".\\Generated_Source\\PSoC4\\cytypes.h"
ARM GAS  C:\Users\username\AppData\Local\Temp\ccl8iJAI.s 			page 13


 357              		.file 4 ".\\Generated_Source\\PSoC4\\CyLib.h"
 358              		.file 5 ".\\Generated_Source\\PSoC4\\CyLFClk.h"
 359              		.section	.debug_info,"",%progbits
 360              	.Ldebug_info0:
 361 0000 66030000 		.4byte	0x366
 362 0004 0400     		.2byte	0x4
 363 0006 00000000 		.4byte	.Ldebug_abbrev0
 364 000a 04       		.byte	0x4
 365 000b 01       		.uleb128 0x1
 366 000c 13020000 		.4byte	.LASF34
 367 0010 01       		.byte	0x1
 368 0011 B4010000 		.4byte	.LASF35
 369 0015 C4000000 		.4byte	.LASF36
 370 0019 00000000 		.4byte	.Ldebug_ranges0+0
 371 001d 00000000 		.4byte	0
 372 0021 00000000 		.4byte	.Ldebug_line0
 373 0025 02       		.uleb128 0x2
 374 0026 04       		.byte	0x4
 375 0027 05       		.byte	0x5
 376 0028 696E7400 		.ascii	"int\000"
 377 002c 03       		.uleb128 0x3
 378 002d 14000000 		.4byte	.LASF11
 379 0031 02       		.byte	0x2
 380 0032 D4       		.byte	0xd4
 381 0033 37000000 		.4byte	0x37
 382 0037 04       		.uleb128 0x4
 383 0038 04       		.byte	0x4
 384 0039 07       		.byte	0x7
 385 003a 61010000 		.4byte	.LASF0
 386 003e 04       		.uleb128 0x4
 387 003f 01       		.byte	0x1
 388 0040 06       		.byte	0x6
 389 0041 C9020000 		.4byte	.LASF1
 390 0045 04       		.uleb128 0x4
 391 0046 01       		.byte	0x1
 392 0047 08       		.byte	0x8
 393 0048 22010000 		.4byte	.LASF2
 394 004c 04       		.uleb128 0x4
 395 004d 02       		.byte	0x2
 396 004e 05       		.byte	0x5
 397 004f A1020000 		.4byte	.LASF3
 398 0053 04       		.uleb128 0x4
 399 0054 02       		.byte	0x2
 400 0055 07       		.byte	0x7
 401 0056 56000000 		.4byte	.LASF4
 402 005a 04       		.uleb128 0x4
 403 005b 04       		.byte	0x4
 404 005c 05       		.byte	0x5
 405 005d C0020000 		.4byte	.LASF5
 406 0061 04       		.uleb128 0x4
 407 0062 04       		.byte	0x4
 408 0063 07       		.byte	0x7
 409 0064 91000000 		.4byte	.LASF6
 410 0068 04       		.uleb128 0x4
 411 0069 08       		.byte	0x8
 412 006a 05       		.byte	0x5
 413 006b E5010000 		.4byte	.LASF7
ARM GAS  C:\Users\username\AppData\Local\Temp\ccl8iJAI.s 			page 14


 414 006f 04       		.uleb128 0x4
 415 0070 08       		.byte	0x8
 416 0071 07       		.byte	0x7
 417 0072 83010000 		.4byte	.LASF8
 418 0076 04       		.uleb128 0x4
 419 0077 04       		.byte	0x4
 420 0078 07       		.byte	0x7
 421 0079 DC010000 		.4byte	.LASF9
 422 007d 05       		.uleb128 0x5
 423 007e 04       		.byte	0x4
 424 007f 06       		.uleb128 0x6
 425 0080 04       		.byte	0x4
 426 0081 85000000 		.4byte	0x85
 427 0085 07       		.uleb128 0x7
 428 0086 04       		.uleb128 0x4
 429 0087 01       		.byte	0x1
 430 0088 08       		.byte	0x8
 431 0089 FD010000 		.4byte	.LASF10
 432 008d 03       		.uleb128 0x3
 433 008e A3000000 		.4byte	.LASF12
 434 0092 03       		.byte	0x3
 435 0093 C2       		.byte	0xc2
 436 0094 45000000 		.4byte	0x45
 437 0098 03       		.uleb128 0x3
 438 0099 4A010000 		.4byte	.LASF13
 439 009d 03       		.byte	0x3
 440 009e C3       		.byte	0xc3
 441 009f 53000000 		.4byte	0x53
 442 00a3 03       		.uleb128 0x3
 443 00a4 5A010000 		.4byte	.LASF14
 444 00a8 03       		.byte	0x3
 445 00a9 C4       		.byte	0xc4
 446 00aa 61000000 		.4byte	0x61
 447 00ae 04       		.uleb128 0x4
 448 00af 04       		.byte	0x4
 449 00b0 04       		.byte	0x4
 450 00b1 69000000 		.4byte	.LASF15
 451 00b5 04       		.uleb128 0x4
 452 00b6 08       		.byte	0x8
 453 00b7 04       		.byte	0x4
 454 00b8 37010000 		.4byte	.LASF16
 455 00bc 08       		.uleb128 0x8
 456 00bd 51010000 		.4byte	.LASF17
 457 00c1 03       		.byte	0x3
 458 00c2 6401     		.2byte	0x164
 459 00c4 61000000 		.4byte	0x61
 460 00c8 08       		.uleb128 0x8
 461 00c9 8C000000 		.4byte	.LASF18
 462 00cd 03       		.byte	0x3
 463 00ce 6C01     		.2byte	0x16c
 464 00d0 D4000000 		.4byte	0xd4
 465 00d4 09       		.uleb128 0x9
 466 00d5 8D000000 		.4byte	0x8d
 467 00d9 08       		.uleb128 0x8
 468 00da 0E000000 		.4byte	.LASF19
 469 00de 03       		.byte	0x3
 470 00df 6E01     		.2byte	0x16e
ARM GAS  C:\Users\username\AppData\Local\Temp\ccl8iJAI.s 			page 15


 471 00e1 E5000000 		.4byte	0xe5
 472 00e5 09       		.uleb128 0x9
 473 00e6 A3000000 		.4byte	0xa3
 474 00ea 08       		.uleb128 0x8
 475 00eb 9A010000 		.4byte	.LASF20
 476 00ef 03       		.byte	0x3
 477 00f0 7E01     		.2byte	0x17e
 478 00f2 7F000000 		.4byte	0x7f
 479 00f6 0A       		.uleb128 0xa
 480 00f7 1B000000 		.4byte	.LASF37
 481 00fb 01       		.byte	0x1
 482 00fc D8       		.byte	0xd8
 483 00fd 00000000 		.4byte	.LFB6
 484 0101 20000000 		.4byte	.LFE6-.LFB6
 485 0105 01       		.uleb128 0x1
 486 0106 9C       		.byte	0x9c
 487 0107 0B       		.uleb128 0xb
 488 0108 BA000000 		.4byte	.LASF21
 489 010c 01       		.byte	0x1
 490 010d 3B       		.byte	0x3b
 491 010e 00000000 		.4byte	.LFB2
 492 0112 0C000000 		.4byte	.LFE2-.LFB2
 493 0116 01       		.uleb128 0x1
 494 0117 9C       		.byte	0x9c
 495 0118 54010000 		.4byte	0x154
 496 011c 0C       		.uleb128 0xc
 497 011d 7300     		.ascii	"s\000"
 498 011f 01       		.byte	0x1
 499 0120 3B       		.byte	0x3b
 500 0121 7D000000 		.4byte	0x7d
 501 0125 00000000 		.4byte	.LLST0
 502 0129 0C       		.uleb128 0xc
 503 012a 6E00     		.ascii	"n\000"
 504 012c 01       		.byte	0x1
 505 012d 3B       		.byte	0x3b
 506 012e 2C000000 		.4byte	0x2c
 507 0132 21000000 		.4byte	.LLST1
 508 0136 0D       		.uleb128 0xd
 509 0137 0A000000 		.4byte	.LVL2
 510 013b C1020000 		.4byte	0x2c1
 511 013f 0E       		.uleb128 0xe
 512 0140 01       		.uleb128 0x1
 513 0141 52       		.byte	0x52
 514 0142 03       		.uleb128 0x3
 515 0143 F3       		.byte	0xf3
 516 0144 01       		.uleb128 0x1
 517 0145 51       		.byte	0x51
 518 0146 0E       		.uleb128 0xe
 519 0147 01       		.uleb128 0x1
 520 0148 51       		.byte	0x51
 521 0149 01       		.uleb128 0x1
 522 014a 30       		.byte	0x30
 523 014b 0E       		.uleb128 0xe
 524 014c 01       		.uleb128 0x1
 525 014d 50       		.byte	0x50
 526 014e 03       		.uleb128 0x3
 527 014f F3       		.byte	0xf3
ARM GAS  C:\Users\username\AppData\Local\Temp\ccl8iJAI.s 			page 16


 528 0150 01       		.uleb128 0x1
 529 0151 50       		.byte	0x50
 530 0152 00       		.byte	0
 531 0153 00       		.byte	0
 532 0154 0B       		.uleb128 0xb
 533 0155 4B000000 		.4byte	.LASF22
 534 0159 01       		.byte	0x1
 535 015a 90       		.byte	0x90
 536 015b 00000000 		.4byte	.LFB5
 537 015f EC000000 		.4byte	.LFE5-.LFB5
 538 0163 01       		.uleb128 0x1
 539 0164 9C       		.byte	0x9c
 540 0165 FD010000 		.4byte	0x1fd
 541 0169 0F       		.uleb128 0xf
 542 016a 0C000000 		.4byte	.LVL3
 543 016e DE020000 		.4byte	0x2de
 544 0172 10       		.uleb128 0x10
 545 0173 12000000 		.4byte	.LVL4
 546 0177 E5020000 		.4byte	0x2e5
 547 017b 89010000 		.4byte	0x189
 548 017f 0E       		.uleb128 0xe
 549 0180 01       		.uleb128 0x1
 550 0181 50       		.byte	0x50
 551 0182 05       		.uleb128 0x5
 552 0183 0C       		.byte	0xc
 553 0184 001BB700 		.4byte	0xb71b00
 554 0188 00       		.byte	0
 555 0189 10       		.uleb128 0x10
 556 018a 18000000 		.4byte	.LVL5
 557 018e F6020000 		.4byte	0x2f6
 558 0192 9C010000 		.4byte	0x19c
 559 0196 0E       		.uleb128 0xe
 560 0197 01       		.uleb128 0x1
 561 0198 50       		.byte	0x50
 562 0199 01       		.uleb128 0x1
 563 019a 31       		.byte	0x31
 564 019b 00       		.byte	0
 565 019c 10       		.uleb128 0x10
 566 019d 1E000000 		.4byte	.LVL6
 567 01a1 0B030000 		.4byte	0x30b
 568 01a5 B0010000 		.4byte	0x1b0
 569 01a9 0E       		.uleb128 0xe
 570 01aa 01       		.uleb128 0x1
 571 01ab 50       		.byte	0x50
 572 01ac 02       		.uleb128 0x2
 573 01ad 08       		.byte	0x8
 574 01ae 30       		.byte	0x30
 575 01af 00       		.byte	0
 576 01b0 10       		.uleb128 0x10
 577 01b1 4E000000 		.4byte	.LVL7
 578 01b5 1C030000 		.4byte	0x31c
 579 01b9 C5010000 		.4byte	0x1c5
 580 01bd 0E       		.uleb128 0xe
 581 01be 01       		.uleb128 0x1
 582 01bf 50       		.byte	0x50
 583 01c0 03       		.uleb128 0x3
 584 01c1 0A       		.byte	0xa
ARM GAS  C:\Users\username\AppData\Local\Temp\ccl8iJAI.s 			page 17


 585 01c2 D007     		.2byte	0x7d0
 586 01c4 00       		.byte	0
 587 01c5 10       		.uleb128 0x10
 588 01c6 54000000 		.4byte	.LVL8
 589 01ca 31030000 		.4byte	0x331
 590 01ce DA010000 		.4byte	0x1da
 591 01d2 0E       		.uleb128 0xe
 592 01d3 01       		.uleb128 0x1
 593 01d4 50       		.byte	0x50
 594 01d5 03       		.uleb128 0x3
 595 01d6 0A       		.byte	0xa
 596 01d7 DC05     		.2byte	0x5dc
 597 01d9 00       		.byte	0
 598 01da 10       		.uleb128 0x10
 599 01db 92000000 		.4byte	.LVL9
 600 01df 42030000 		.4byte	0x342
 601 01e3 ED010000 		.4byte	0x1ed
 602 01e7 0E       		.uleb128 0xe
 603 01e8 01       		.uleb128 0x1
 604 01e9 50       		.byte	0x50
 605 01ea 01       		.uleb128 0x1
 606 01eb 38       		.byte	0x38
 607 01ec 00       		.byte	0
 608 01ed 0D       		.uleb128 0xd
 609 01ee 98000000 		.4byte	.LVL10
 610 01f2 5C030000 		.4byte	0x35c
 611 01f6 0E       		.uleb128 0xe
 612 01f7 01       		.uleb128 0x1
 613 01f8 50       		.byte	0x50
 614 01f9 01       		.uleb128 0x1
 615 01fa 38       		.byte	0x38
 616 01fb 00       		.byte	0
 617 01fc 00       		.byte	0
 618 01fd 11       		.uleb128 0x11
 619 01fe 6E010000 		.4byte	.LASF38
 620 0202 01       		.byte	0x1
 621 0203 F3       		.byte	0xf3
 622 0204 EC000000 		.4byte	.LFB7
 623 0208 AC000000 		.4byte	.LFE7-.LFB7
 624 020c 01       		.uleb128 0x1
 625 020d 9C       		.byte	0x9c
 626 020e C1020000 		.4byte	0x2c1
 627 0212 12       		.uleb128 0x12
 628 0213 F6000000 		.4byte	.LBB2
 629 0217 58000000 		.4byte	.LBE2-.LBB2
 630 021b AE020000 		.4byte	0x2ae
 631 021f 13       		.uleb128 0x13
 632 0220 06       		.byte	0x6
 633 0221 01       		.byte	0x1
 634 0222 FC       		.byte	0xfc
 635 0223 40020000 		.4byte	0x240
 636 0227 14       		.uleb128 0x14
 637 0228 7B010000 		.4byte	.LASF23
 638 022c 01       		.byte	0x1
 639 022d FD       		.byte	0xfd
 640 022e 7D000000 		.4byte	0x7d
 641 0232 00       		.byte	0
ARM GAS  C:\Users\username\AppData\Local\Temp\ccl8iJAI.s 			page 18


 642 0233 14       		.uleb128 0x14
 643 0234 6F000000 		.4byte	.LASF24
 644 0238 01       		.byte	0x1
 645 0239 FE       		.byte	0xfe
 646 023a 98000000 		.4byte	0x98
 647 023e 04       		.byte	0x4
 648 023f 00       		.byte	0
 649 0240 03       		.uleb128 0x3
 650 0241 A7010000 		.4byte	.LASF25
 651 0245 01       		.byte	0x1
 652 0246 FF       		.byte	0xff
 653 0247 1F020000 		.4byte	0x21f
 654 024b 15       		.uleb128 0x15
 655 024c 40020000 		.4byte	0x240
 656 0250 5B020000 		.4byte	0x25b
 657 0254 16       		.uleb128 0x16
 658 0255 76000000 		.4byte	0x76
 659 0259 01       		.byte	0x1
 660 025a 00       		.byte	0
 661 025b 17       		.uleb128 0x17
 662 025c 3B000000 		.4byte	.LASF26
 663 0260 01       		.byte	0x1
 664 0261 0101     		.2byte	0x101
 665 0263 6D020000 		.4byte	0x26d
 666 0267 05       		.uleb128 0x5
 667 0268 03       		.byte	0x3
 668 0269 00000000 		.4byte	cfg_memset_list.4742
 669 026d 18       		.uleb128 0x18
 670 026e 4B020000 		.4byte	0x24b
 671 0272 19       		.uleb128 0x19
 672 0273 6900     		.ascii	"i\000"
 673 0275 01       		.byte	0x1
 674 0276 0701     		.2byte	0x107
 675 0278 8D000000 		.4byte	0x8d
 676 027c 4D000000 		.4byte	.LLST2
 677 0280 1A       		.uleb128 0x1a
 678 0281 FA000000 		.4byte	.LBB3
 679 0285 1E000000 		.4byte	.LBE3-.LBB3
 680 0289 19       		.uleb128 0x19
 681 028a 6D7300   		.ascii	"ms\000"
 682 028d 01       		.byte	0x1
 683 028e 0C01     		.2byte	0x10c
 684 0290 98020000 		.4byte	0x298
 685 0294 77000000 		.4byte	.LLST3
 686 0298 06       		.uleb128 0x6
 687 0299 04       		.byte	0x4
 688 029a 9E020000 		.4byte	0x29e
 689 029e 18       		.uleb128 0x18
 690 029f 40020000 		.4byte	0x240
 691 02a3 0F       		.uleb128 0xf
 692 02a4 18010000 		.4byte	.LVL13
 693 02a8 07010000 		.4byte	0x107
 694 02ac 00       		.byte	0
 695 02ad 00       		.byte	0
 696 02ae 0F       		.uleb128 0xf
 697 02af 64010000 		.4byte	.LVL16
 698 02b3 54010000 		.4byte	0x154
ARM GAS  C:\Users\username\AppData\Local\Temp\ccl8iJAI.s 			page 19


 699 02b7 0F       		.uleb128 0xf
 700 02b8 68010000 		.4byte	.LVL17
 701 02bc F6000000 		.4byte	0xf6
 702 02c0 00       		.byte	0
 703 02c1 1B       		.uleb128 0x1b
 704 02c2 30010000 		.4byte	.LASF27
 705 02c6 7D000000 		.4byte	0x7d
 706 02ca DE020000 		.4byte	0x2de
 707 02ce 1C       		.uleb128 0x1c
 708 02cf 7D000000 		.4byte	0x7d
 709 02d3 1C       		.uleb128 0x1c
 710 02d4 25000000 		.4byte	0x25
 711 02d8 1C       		.uleb128 0x1c
 712 02d9 76000000 		.4byte	0x76
 713 02dd 00       		.byte	0
 714 02de 1D       		.uleb128 0x1d
 715 02df A9000000 		.4byte	.LASF39
 716 02e3 05       		.byte	0x5
 717 02e4 25       		.byte	0x25
 718 02e5 1E       		.uleb128 0x1e
 719 02e6 00000000 		.4byte	.LASF28
 720 02ea 04       		.byte	0x4
 721 02eb 5A       		.byte	0x5a
 722 02ec F6020000 		.4byte	0x2f6
 723 02f0 1C       		.uleb128 0x1c
 724 02f1 A3000000 		.4byte	0xa3
 725 02f5 00       		.byte	0
 726 02f6 1F       		.uleb128 0x1f
 727 02f7 74000000 		.4byte	.LASF30
 728 02fb 05       		.byte	0x5
 729 02fc 27       		.byte	0x27
 730 02fd A3000000 		.4byte	0xa3
 731 0301 0B030000 		.4byte	0x30b
 732 0305 1C       		.uleb128 0x1c
 733 0306 A3000000 		.4byte	0xa3
 734 030a 00       		.byte	0
 735 030b 1E       		.uleb128 0x1e
 736 030c AB020000 		.4byte	.LASF29
 737 0310 04       		.byte	0x4
 738 0311 31       		.byte	0x31
 739 0312 1C030000 		.4byte	0x31c
 740 0316 1C       		.uleb128 0x1c
 741 0317 A3000000 		.4byte	0xa3
 742 031b 00       		.byte	0
 743 031c 1F       		.uleb128 0x1f
 744 031d 02020000 		.4byte	.LASF31
 745 0321 04       		.byte	0x4
 746 0322 84       		.byte	0x84
 747 0323 BC000000 		.4byte	0xbc
 748 0327 31030000 		.4byte	0x331
 749 032b 1C       		.uleb128 0x1c
 750 032c A3000000 		.4byte	0xa3
 751 0330 00       		.byte	0
 752 0331 1E       		.uleb128 0x1e
 753 0332 F3010000 		.4byte	.LASF32
 754 0336 04       		.byte	0x4
 755 0337 58       		.byte	0x58
ARM GAS  C:\Users\username\AppData\Local\Temp\ccl8iJAI.s 			page 20


 756 0338 42030000 		.4byte	0x342
 757 033c 1C       		.uleb128 0x1c
 758 033d 98000000 		.4byte	0x98
 759 0341 00       		.byte	0
 760 0342 1F       		.uleb128 0x1f
 761 0343 2C000000 		.4byte	.LASF33
 762 0347 04       		.byte	0x4
 763 0348 46       		.byte	0x46
 764 0349 EA000000 		.4byte	0xea
 765 034d 5C030000 		.4byte	0x35c
 766 0351 1C       		.uleb128 0x1c
 767 0352 8D000000 		.4byte	0x8d
 768 0356 1C       		.uleb128 0x1c
 769 0357 EA000000 		.4byte	0xea
 770 035b 00       		.byte	0
 771 035c 20       		.uleb128 0x20
 772 035d 3E010000 		.4byte	.LASF40
 773 0361 04       		.byte	0x4
 774 0362 4C       		.byte	0x4c
 775 0363 1C       		.uleb128 0x1c
 776 0364 8D000000 		.4byte	0x8d
 777 0368 00       		.byte	0
 778 0369 00       		.byte	0
 779              		.section	.debug_abbrev,"",%progbits
 780              	.Ldebug_abbrev0:
 781 0000 01       		.uleb128 0x1
 782 0001 11       		.uleb128 0x11
 783 0002 01       		.byte	0x1
 784 0003 25       		.uleb128 0x25
 785 0004 0E       		.uleb128 0xe
 786 0005 13       		.uleb128 0x13
 787 0006 0B       		.uleb128 0xb
 788 0007 03       		.uleb128 0x3
 789 0008 0E       		.uleb128 0xe
 790 0009 1B       		.uleb128 0x1b
 791 000a 0E       		.uleb128 0xe
 792 000b 55       		.uleb128 0x55
 793 000c 17       		.uleb128 0x17
 794 000d 11       		.uleb128 0x11
 795 000e 01       		.uleb128 0x1
 796 000f 10       		.uleb128 0x10
 797 0010 17       		.uleb128 0x17
 798 0011 00       		.byte	0
 799 0012 00       		.byte	0
 800 0013 02       		.uleb128 0x2
 801 0014 24       		.uleb128 0x24
 802 0015 00       		.byte	0
 803 0016 0B       		.uleb128 0xb
 804 0017 0B       		.uleb128 0xb
 805 0018 3E       		.uleb128 0x3e
 806 0019 0B       		.uleb128 0xb
 807 001a 03       		.uleb128 0x3
 808 001b 08       		.uleb128 0x8
 809 001c 00       		.byte	0
 810 001d 00       		.byte	0
 811 001e 03       		.uleb128 0x3
 812 001f 16       		.uleb128 0x16
ARM GAS  C:\Users\username\AppData\Local\Temp\ccl8iJAI.s 			page 21


 813 0020 00       		.byte	0
 814 0021 03       		.uleb128 0x3
 815 0022 0E       		.uleb128 0xe
 816 0023 3A       		.uleb128 0x3a
 817 0024 0B       		.uleb128 0xb
 818 0025 3B       		.uleb128 0x3b
 819 0026 0B       		.uleb128 0xb
 820 0027 49       		.uleb128 0x49
 821 0028 13       		.uleb128 0x13
 822 0029 00       		.byte	0
 823 002a 00       		.byte	0
 824 002b 04       		.uleb128 0x4
 825 002c 24       		.uleb128 0x24
 826 002d 00       		.byte	0
 827 002e 0B       		.uleb128 0xb
 828 002f 0B       		.uleb128 0xb
 829 0030 3E       		.uleb128 0x3e
 830 0031 0B       		.uleb128 0xb
 831 0032 03       		.uleb128 0x3
 832 0033 0E       		.uleb128 0xe
 833 0034 00       		.byte	0
 834 0035 00       		.byte	0
 835 0036 05       		.uleb128 0x5
 836 0037 0F       		.uleb128 0xf
 837 0038 00       		.byte	0
 838 0039 0B       		.uleb128 0xb
 839 003a 0B       		.uleb128 0xb
 840 003b 00       		.byte	0
 841 003c 00       		.byte	0
 842 003d 06       		.uleb128 0x6
 843 003e 0F       		.uleb128 0xf
 844 003f 00       		.byte	0
 845 0040 0B       		.uleb128 0xb
 846 0041 0B       		.uleb128 0xb
 847 0042 49       		.uleb128 0x49
 848 0043 13       		.uleb128 0x13
 849 0044 00       		.byte	0
 850 0045 00       		.byte	0
 851 0046 07       		.uleb128 0x7
 852 0047 15       		.uleb128 0x15
 853 0048 00       		.byte	0
 854 0049 27       		.uleb128 0x27
 855 004a 19       		.uleb128 0x19
 856 004b 00       		.byte	0
 857 004c 00       		.byte	0
 858 004d 08       		.uleb128 0x8
 859 004e 16       		.uleb128 0x16
 860 004f 00       		.byte	0
 861 0050 03       		.uleb128 0x3
 862 0051 0E       		.uleb128 0xe
 863 0052 3A       		.uleb128 0x3a
 864 0053 0B       		.uleb128 0xb
 865 0054 3B       		.uleb128 0x3b
 866 0055 05       		.uleb128 0x5
 867 0056 49       		.uleb128 0x49
 868 0057 13       		.uleb128 0x13
 869 0058 00       		.byte	0
ARM GAS  C:\Users\username\AppData\Local\Temp\ccl8iJAI.s 			page 22


 870 0059 00       		.byte	0
 871 005a 09       		.uleb128 0x9
 872 005b 35       		.uleb128 0x35
 873 005c 00       		.byte	0
 874 005d 49       		.uleb128 0x49
 875 005e 13       		.uleb128 0x13
 876 005f 00       		.byte	0
 877 0060 00       		.byte	0
 878 0061 0A       		.uleb128 0xa
 879 0062 2E       		.uleb128 0x2e
 880 0063 00       		.byte	0
 881 0064 03       		.uleb128 0x3
 882 0065 0E       		.uleb128 0xe
 883 0066 3A       		.uleb128 0x3a
 884 0067 0B       		.uleb128 0xb
 885 0068 3B       		.uleb128 0x3b
 886 0069 0B       		.uleb128 0xb
 887 006a 27       		.uleb128 0x27
 888 006b 19       		.uleb128 0x19
 889 006c 11       		.uleb128 0x11
 890 006d 01       		.uleb128 0x1
 891 006e 12       		.uleb128 0x12
 892 006f 06       		.uleb128 0x6
 893 0070 40       		.uleb128 0x40
 894 0071 18       		.uleb128 0x18
 895 0072 9742     		.uleb128 0x2117
 896 0074 19       		.uleb128 0x19
 897 0075 00       		.byte	0
 898 0076 00       		.byte	0
 899 0077 0B       		.uleb128 0xb
 900 0078 2E       		.uleb128 0x2e
 901 0079 01       		.byte	0x1
 902 007a 03       		.uleb128 0x3
 903 007b 0E       		.uleb128 0xe
 904 007c 3A       		.uleb128 0x3a
 905 007d 0B       		.uleb128 0xb
 906 007e 3B       		.uleb128 0x3b
 907 007f 0B       		.uleb128 0xb
 908 0080 27       		.uleb128 0x27
 909 0081 19       		.uleb128 0x19
 910 0082 11       		.uleb128 0x11
 911 0083 01       		.uleb128 0x1
 912 0084 12       		.uleb128 0x12
 913 0085 06       		.uleb128 0x6
 914 0086 40       		.uleb128 0x40
 915 0087 18       		.uleb128 0x18
 916 0088 9742     		.uleb128 0x2117
 917 008a 19       		.uleb128 0x19
 918 008b 01       		.uleb128 0x1
 919 008c 13       		.uleb128 0x13
 920 008d 00       		.byte	0
 921 008e 00       		.byte	0
 922 008f 0C       		.uleb128 0xc
 923 0090 05       		.uleb128 0x5
 924 0091 00       		.byte	0
 925 0092 03       		.uleb128 0x3
 926 0093 08       		.uleb128 0x8
ARM GAS  C:\Users\username\AppData\Local\Temp\ccl8iJAI.s 			page 23


 927 0094 3A       		.uleb128 0x3a
 928 0095 0B       		.uleb128 0xb
 929 0096 3B       		.uleb128 0x3b
 930 0097 0B       		.uleb128 0xb
 931 0098 49       		.uleb128 0x49
 932 0099 13       		.uleb128 0x13
 933 009a 02       		.uleb128 0x2
 934 009b 17       		.uleb128 0x17
 935 009c 00       		.byte	0
 936 009d 00       		.byte	0
 937 009e 0D       		.uleb128 0xd
 938 009f 898201   		.uleb128 0x4109
 939 00a2 01       		.byte	0x1
 940 00a3 11       		.uleb128 0x11
 941 00a4 01       		.uleb128 0x1
 942 00a5 31       		.uleb128 0x31
 943 00a6 13       		.uleb128 0x13
 944 00a7 00       		.byte	0
 945 00a8 00       		.byte	0
 946 00a9 0E       		.uleb128 0xe
 947 00aa 8A8201   		.uleb128 0x410a
 948 00ad 00       		.byte	0
 949 00ae 02       		.uleb128 0x2
 950 00af 18       		.uleb128 0x18
 951 00b0 9142     		.uleb128 0x2111
 952 00b2 18       		.uleb128 0x18
 953 00b3 00       		.byte	0
 954 00b4 00       		.byte	0
 955 00b5 0F       		.uleb128 0xf
 956 00b6 898201   		.uleb128 0x4109
 957 00b9 00       		.byte	0
 958 00ba 11       		.uleb128 0x11
 959 00bb 01       		.uleb128 0x1
 960 00bc 31       		.uleb128 0x31
 961 00bd 13       		.uleb128 0x13
 962 00be 00       		.byte	0
 963 00bf 00       		.byte	0
 964 00c0 10       		.uleb128 0x10
 965 00c1 898201   		.uleb128 0x4109
 966 00c4 01       		.byte	0x1
 967 00c5 11       		.uleb128 0x11
 968 00c6 01       		.uleb128 0x1
 969 00c7 31       		.uleb128 0x31
 970 00c8 13       		.uleb128 0x13
 971 00c9 01       		.uleb128 0x1
 972 00ca 13       		.uleb128 0x13
 973 00cb 00       		.byte	0
 974 00cc 00       		.byte	0
 975 00cd 11       		.uleb128 0x11
 976 00ce 2E       		.uleb128 0x2e
 977 00cf 01       		.byte	0x1
 978 00d0 3F       		.uleb128 0x3f
 979 00d1 19       		.uleb128 0x19
 980 00d2 03       		.uleb128 0x3
 981 00d3 0E       		.uleb128 0xe
 982 00d4 3A       		.uleb128 0x3a
 983 00d5 0B       		.uleb128 0xb
ARM GAS  C:\Users\username\AppData\Local\Temp\ccl8iJAI.s 			page 24


 984 00d6 3B       		.uleb128 0x3b
 985 00d7 0B       		.uleb128 0xb
 986 00d8 27       		.uleb128 0x27
 987 00d9 19       		.uleb128 0x19
 988 00da 11       		.uleb128 0x11
 989 00db 01       		.uleb128 0x1
 990 00dc 12       		.uleb128 0x12
 991 00dd 06       		.uleb128 0x6
 992 00de 40       		.uleb128 0x40
 993 00df 18       		.uleb128 0x18
 994 00e0 9742     		.uleb128 0x2117
 995 00e2 19       		.uleb128 0x19
 996 00e3 01       		.uleb128 0x1
 997 00e4 13       		.uleb128 0x13
 998 00e5 00       		.byte	0
 999 00e6 00       		.byte	0
 1000 00e7 12       		.uleb128 0x12
 1001 00e8 0B       		.uleb128 0xb
 1002 00e9 01       		.byte	0x1
 1003 00ea 11       		.uleb128 0x11
 1004 00eb 01       		.uleb128 0x1
 1005 00ec 12       		.uleb128 0x12
 1006 00ed 06       		.uleb128 0x6
 1007 00ee 01       		.uleb128 0x1
 1008 00ef 13       		.uleb128 0x13
 1009 00f0 00       		.byte	0
 1010 00f1 00       		.byte	0
 1011 00f2 13       		.uleb128 0x13
 1012 00f3 13       		.uleb128 0x13
 1013 00f4 01       		.byte	0x1
 1014 00f5 0B       		.uleb128 0xb
 1015 00f6 0B       		.uleb128 0xb
 1016 00f7 3A       		.uleb128 0x3a
 1017 00f8 0B       		.uleb128 0xb
 1018 00f9 3B       		.uleb128 0x3b
 1019 00fa 0B       		.uleb128 0xb
 1020 00fb 01       		.uleb128 0x1
 1021 00fc 13       		.uleb128 0x13
 1022 00fd 00       		.byte	0
 1023 00fe 00       		.byte	0
 1024 00ff 14       		.uleb128 0x14
 1025 0100 0D       		.uleb128 0xd
 1026 0101 00       		.byte	0
 1027 0102 03       		.uleb128 0x3
 1028 0103 0E       		.uleb128 0xe
 1029 0104 3A       		.uleb128 0x3a
 1030 0105 0B       		.uleb128 0xb
 1031 0106 3B       		.uleb128 0x3b
 1032 0107 0B       		.uleb128 0xb
 1033 0108 49       		.uleb128 0x49
 1034 0109 13       		.uleb128 0x13
 1035 010a 38       		.uleb128 0x38
 1036 010b 0B       		.uleb128 0xb
 1037 010c 00       		.byte	0
 1038 010d 00       		.byte	0
 1039 010e 15       		.uleb128 0x15
 1040 010f 01       		.uleb128 0x1
ARM GAS  C:\Users\username\AppData\Local\Temp\ccl8iJAI.s 			page 25


 1041 0110 01       		.byte	0x1
 1042 0111 49       		.uleb128 0x49
 1043 0112 13       		.uleb128 0x13
 1044 0113 01       		.uleb128 0x1
 1045 0114 13       		.uleb128 0x13
 1046 0115 00       		.byte	0
 1047 0116 00       		.byte	0
 1048 0117 16       		.uleb128 0x16
 1049 0118 21       		.uleb128 0x21
 1050 0119 00       		.byte	0
 1051 011a 49       		.uleb128 0x49
 1052 011b 13       		.uleb128 0x13
 1053 011c 2F       		.uleb128 0x2f
 1054 011d 0B       		.uleb128 0xb
 1055 011e 00       		.byte	0
 1056 011f 00       		.byte	0
 1057 0120 17       		.uleb128 0x17
 1058 0121 34       		.uleb128 0x34
 1059 0122 00       		.byte	0
 1060 0123 03       		.uleb128 0x3
 1061 0124 0E       		.uleb128 0xe
 1062 0125 3A       		.uleb128 0x3a
 1063 0126 0B       		.uleb128 0xb
 1064 0127 3B       		.uleb128 0x3b
 1065 0128 05       		.uleb128 0x5
 1066 0129 49       		.uleb128 0x49
 1067 012a 13       		.uleb128 0x13
 1068 012b 02       		.uleb128 0x2
 1069 012c 18       		.uleb128 0x18
 1070 012d 00       		.byte	0
 1071 012e 00       		.byte	0
 1072 012f 18       		.uleb128 0x18
 1073 0130 26       		.uleb128 0x26
 1074 0131 00       		.byte	0
 1075 0132 49       		.uleb128 0x49
 1076 0133 13       		.uleb128 0x13
 1077 0134 00       		.byte	0
 1078 0135 00       		.byte	0
 1079 0136 19       		.uleb128 0x19
 1080 0137 34       		.uleb128 0x34
 1081 0138 00       		.byte	0
 1082 0139 03       		.uleb128 0x3
 1083 013a 08       		.uleb128 0x8
 1084 013b 3A       		.uleb128 0x3a
 1085 013c 0B       		.uleb128 0xb
 1086 013d 3B       		.uleb128 0x3b
 1087 013e 05       		.uleb128 0x5
 1088 013f 49       		.uleb128 0x49
 1089 0140 13       		.uleb128 0x13
 1090 0141 02       		.uleb128 0x2
 1091 0142 17       		.uleb128 0x17
 1092 0143 00       		.byte	0
 1093 0144 00       		.byte	0
 1094 0145 1A       		.uleb128 0x1a
 1095 0146 0B       		.uleb128 0xb
 1096 0147 01       		.byte	0x1
 1097 0148 11       		.uleb128 0x11
ARM GAS  C:\Users\username\AppData\Local\Temp\ccl8iJAI.s 			page 26


 1098 0149 01       		.uleb128 0x1
 1099 014a 12       		.uleb128 0x12
 1100 014b 06       		.uleb128 0x6
 1101 014c 00       		.byte	0
 1102 014d 00       		.byte	0
 1103 014e 1B       		.uleb128 0x1b
 1104 014f 2E       		.uleb128 0x2e
 1105 0150 01       		.byte	0x1
 1106 0151 3F       		.uleb128 0x3f
 1107 0152 19       		.uleb128 0x19
 1108 0153 03       		.uleb128 0x3
 1109 0154 0E       		.uleb128 0xe
 1110 0155 27       		.uleb128 0x27
 1111 0156 19       		.uleb128 0x19
 1112 0157 49       		.uleb128 0x49
 1113 0158 13       		.uleb128 0x13
 1114 0159 34       		.uleb128 0x34
 1115 015a 19       		.uleb128 0x19
 1116 015b 3C       		.uleb128 0x3c
 1117 015c 19       		.uleb128 0x19
 1118 015d 01       		.uleb128 0x1
 1119 015e 13       		.uleb128 0x13
 1120 015f 00       		.byte	0
 1121 0160 00       		.byte	0
 1122 0161 1C       		.uleb128 0x1c
 1123 0162 05       		.uleb128 0x5
 1124 0163 00       		.byte	0
 1125 0164 49       		.uleb128 0x49
 1126 0165 13       		.uleb128 0x13
 1127 0166 00       		.byte	0
 1128 0167 00       		.byte	0
 1129 0168 1D       		.uleb128 0x1d
 1130 0169 2E       		.uleb128 0x2e
 1131 016a 00       		.byte	0
 1132 016b 3F       		.uleb128 0x3f
 1133 016c 19       		.uleb128 0x19
 1134 016d 03       		.uleb128 0x3
 1135 016e 0E       		.uleb128 0xe
 1136 016f 3A       		.uleb128 0x3a
 1137 0170 0B       		.uleb128 0xb
 1138 0171 3B       		.uleb128 0x3b
 1139 0172 0B       		.uleb128 0xb
 1140 0173 27       		.uleb128 0x27
 1141 0174 19       		.uleb128 0x19
 1142 0175 3C       		.uleb128 0x3c
 1143 0176 19       		.uleb128 0x19
 1144 0177 00       		.byte	0
 1145 0178 00       		.byte	0
 1146 0179 1E       		.uleb128 0x1e
 1147 017a 2E       		.uleb128 0x2e
 1148 017b 01       		.byte	0x1
 1149 017c 3F       		.uleb128 0x3f
 1150 017d 19       		.uleb128 0x19
 1151 017e 03       		.uleb128 0x3
 1152 017f 0E       		.uleb128 0xe
 1153 0180 3A       		.uleb128 0x3a
 1154 0181 0B       		.uleb128 0xb
ARM GAS  C:\Users\username\AppData\Local\Temp\ccl8iJAI.s 			page 27


 1155 0182 3B       		.uleb128 0x3b
 1156 0183 0B       		.uleb128 0xb
 1157 0184 27       		.uleb128 0x27
 1158 0185 19       		.uleb128 0x19
 1159 0186 3C       		.uleb128 0x3c
 1160 0187 19       		.uleb128 0x19
 1161 0188 01       		.uleb128 0x1
 1162 0189 13       		.uleb128 0x13
 1163 018a 00       		.byte	0
 1164 018b 00       		.byte	0
 1165 018c 1F       		.uleb128 0x1f
 1166 018d 2E       		.uleb128 0x2e
 1167 018e 01       		.byte	0x1
 1168 018f 3F       		.uleb128 0x3f
 1169 0190 19       		.uleb128 0x19
 1170 0191 03       		.uleb128 0x3
 1171 0192 0E       		.uleb128 0xe
 1172 0193 3A       		.uleb128 0x3a
 1173 0194 0B       		.uleb128 0xb
 1174 0195 3B       		.uleb128 0x3b
 1175 0196 0B       		.uleb128 0xb
 1176 0197 27       		.uleb128 0x27
 1177 0198 19       		.uleb128 0x19
 1178 0199 49       		.uleb128 0x49
 1179 019a 13       		.uleb128 0x13
 1180 019b 3C       		.uleb128 0x3c
 1181 019c 19       		.uleb128 0x19
 1182 019d 01       		.uleb128 0x1
 1183 019e 13       		.uleb128 0x13
 1184 019f 00       		.byte	0
 1185 01a0 00       		.byte	0
 1186 01a1 20       		.uleb128 0x20
 1187 01a2 2E       		.uleb128 0x2e
 1188 01a3 01       		.byte	0x1
 1189 01a4 3F       		.uleb128 0x3f
 1190 01a5 19       		.uleb128 0x19
 1191 01a6 03       		.uleb128 0x3
 1192 01a7 0E       		.uleb128 0xe
 1193 01a8 3A       		.uleb128 0x3a
 1194 01a9 0B       		.uleb128 0xb
 1195 01aa 3B       		.uleb128 0x3b
 1196 01ab 0B       		.uleb128 0xb
 1197 01ac 27       		.uleb128 0x27
 1198 01ad 19       		.uleb128 0x19
 1199 01ae 3C       		.uleb128 0x3c
 1200 01af 19       		.uleb128 0x19
 1201 01b0 00       		.byte	0
 1202 01b1 00       		.byte	0
 1203 01b2 00       		.byte	0
 1204              		.section	.debug_loc,"",%progbits
 1205              	.Ldebug_loc0:
 1206              	.LLST0:
 1207 0000 00000000 		.4byte	.LVL0
 1208 0004 09000000 		.4byte	.LVL2-1
 1209 0008 0100     		.2byte	0x1
 1210 000a 50       		.byte	0x50
 1211 000b 09000000 		.4byte	.LVL2-1
ARM GAS  C:\Users\username\AppData\Local\Temp\ccl8iJAI.s 			page 28


 1212 000f 0C000000 		.4byte	.LFE2
 1213 0013 0400     		.2byte	0x4
 1214 0015 F3       		.byte	0xf3
 1215 0016 01       		.uleb128 0x1
 1216 0017 50       		.byte	0x50
 1217 0018 9F       		.byte	0x9f
 1218 0019 00000000 		.4byte	0
 1219 001d 00000000 		.4byte	0
 1220              	.LLST1:
 1221 0021 00000000 		.4byte	.LVL0
 1222 0025 06000000 		.4byte	.LVL1
 1223 0029 0100     		.2byte	0x1
 1224 002b 51       		.byte	0x51
 1225 002c 06000000 		.4byte	.LVL1
 1226 0030 09000000 		.4byte	.LVL2-1
 1227 0034 0100     		.2byte	0x1
 1228 0036 52       		.byte	0x52
 1229 0037 09000000 		.4byte	.LVL2-1
 1230 003b 0C000000 		.4byte	.LFE2
 1231 003f 0400     		.2byte	0x4
 1232 0041 F3       		.byte	0xf3
 1233 0042 01       		.uleb128 0x1
 1234 0043 51       		.byte	0x51
 1235 0044 9F       		.byte	0x9f
 1236 0045 00000000 		.4byte	0
 1237 0049 00000000 		.4byte	0
 1238              	.LLST2:
 1239 004d F6000000 		.4byte	.LVL11
 1240 0051 FA000000 		.4byte	.LVL12
 1241 0055 0200     		.2byte	0x2
 1242 0057 30       		.byte	0x30
 1243 0058 9F       		.byte	0x9f
 1244 0059 FA000000 		.4byte	.LVL12
 1245 005d 1A010000 		.4byte	.LVL14
 1246 0061 0100     		.2byte	0x1
 1247 0063 54       		.byte	0x54
 1248 0064 1C010000 		.4byte	.LVL15
 1249 0068 68010000 		.4byte	.LVL18
 1250 006c 0100     		.2byte	0x1
 1251 006e 54       		.byte	0x54
 1252 006f 00000000 		.4byte	0
 1253 0073 00000000 		.4byte	0
 1254              	.LLST3:
 1255 0077 FA000000 		.4byte	.LVL12
 1256 007b 1A010000 		.4byte	.LVL14
 1257 007f 0B00     		.2byte	0xb
 1258 0081 74       		.byte	0x74
 1259 0082 00       		.sleb128 0
 1260 0083 36       		.byte	0x36
 1261 0084 1E       		.byte	0x1e
 1262 0085 03       		.byte	0x3
 1263 0086 00000000 		.4byte	cfg_memset_list.4742
 1264 008a 22       		.byte	0x22
 1265 008b 9F       		.byte	0x9f
 1266 008c 1A010000 		.4byte	.LVL14
 1267 0090 1C010000 		.4byte	.LVL15
 1268 0094 0B00     		.2byte	0xb
ARM GAS  C:\Users\username\AppData\Local\Temp\ccl8iJAI.s 			page 29


 1269 0096 74       		.byte	0x74
 1270 0097 7F       		.sleb128 -1
 1271 0098 36       		.byte	0x36
 1272 0099 1E       		.byte	0x1e
 1273 009a 03       		.byte	0x3
 1274 009b 00000000 		.4byte	cfg_memset_list.4742
 1275 009f 22       		.byte	0x22
 1276 00a0 9F       		.byte	0x9f
 1277 00a1 00000000 		.4byte	0
 1278 00a5 00000000 		.4byte	0
 1279              		.section	.debug_aranges,"",%progbits
 1280 0000 34000000 		.4byte	0x34
 1281 0004 0200     		.2byte	0x2
 1282 0006 00000000 		.4byte	.Ldebug_info0
 1283 000a 04       		.byte	0x4
 1284 000b 00       		.byte	0
 1285 000c 0000     		.2byte	0
 1286 000e 0000     		.2byte	0
 1287 0010 00000000 		.4byte	.LFB6
 1288 0014 20000000 		.4byte	.LFE6-.LFB6
 1289 0018 00000000 		.4byte	.LFB2
 1290 001c 0C000000 		.4byte	.LFE2-.LFB2
 1291 0020 00000000 		.4byte	.LFB5
 1292 0024 EC000000 		.4byte	.LFE5-.LFB5
 1293 0028 EC000000 		.4byte	.LFB7
 1294 002c AC000000 		.4byte	.LFE7-.LFB7
 1295 0030 00000000 		.4byte	0
 1296 0034 00000000 		.4byte	0
 1297              		.section	.debug_ranges,"",%progbits
 1298              	.Ldebug_ranges0:
 1299 0000 00000000 		.4byte	.LFB6
 1300 0004 20000000 		.4byte	.LFE6
 1301 0008 00000000 		.4byte	.LFB2
 1302 000c 0C000000 		.4byte	.LFE2
 1303 0010 00000000 		.4byte	.LFB5
 1304 0014 EC000000 		.4byte	.LFE5
 1305 0018 EC000000 		.4byte	.LFB7
 1306 001c 98010000 		.4byte	.LFE7
 1307 0020 00000000 		.4byte	0
 1308 0024 00000000 		.4byte	0
 1309              		.section	.debug_line,"",%progbits
 1310              	.Ldebug_line0:
 1311 0000 5E010000 		.section	.debug_str,"MS",%progbits,1
 1311      0200E500 
 1311      00000201 
 1311      FB0E0D00 
 1311      01010101 
 1312              	.LASF28:
 1313 0000 43794465 		.ascii	"CyDelayCycles\000"
 1313      6C617943 
 1313      79636C65 
 1313      7300
 1314              	.LASF19:
 1315 000e 72656733 		.ascii	"reg32\000"
 1315      3200
 1316              	.LASF11:
 1317 0014 73697A65 		.ascii	"size_t\000"
ARM GAS  C:\Users\username\AppData\Local\Temp\ccl8iJAI.s 			page 30


 1317      5F7400
 1318              	.LASF37:
 1319 001b 416E616C 		.ascii	"AnalogSetDefault\000"
 1319      6F675365 
 1319      74446566 
 1319      61756C74 
 1319      00
 1320              	.LASF33:
 1321 002c 4379496E 		.ascii	"CyIntSetVector\000"
 1321      74536574 
 1321      56656374 
 1321      6F7200
 1322              	.LASF26:
 1323 003b 6366675F 		.ascii	"cfg_memset_list\000"
 1323      6D656D73 
 1323      65745F6C 
 1323      69737400 
 1324              	.LASF22:
 1325 004b 436C6F63 		.ascii	"ClockSetup\000"
 1325      6B536574 
 1325      757000
 1326              	.LASF4:
 1327 0056 73686F72 		.ascii	"short unsigned int\000"
 1327      7420756E 
 1327      7369676E 
 1327      65642069 
 1327      6E7400
 1328              	.LASF15:
 1329 0069 666C6F61 		.ascii	"float\000"
 1329      7400
 1330              	.LASF24:
 1331 006f 73697A65 		.ascii	"size\000"
 1331      00
 1332              	.LASF30:
 1333 0074 43795379 		.ascii	"CySysClkWcoSetPowerMode\000"
 1333      73436C6B 
 1333      57636F53 
 1333      6574506F 
 1333      7765724D 
 1334              	.LASF18:
 1335 008c 72656738 		.ascii	"reg8\000"
 1335      00
 1336              	.LASF6:
 1337 0091 6C6F6E67 		.ascii	"long unsigned int\000"
 1337      20756E73 
 1337      69676E65 
 1337      6420696E 
 1337      7400
 1338              	.LASF12:
 1339 00a3 75696E74 		.ascii	"uint8\000"
 1339      3800
 1340              	.LASF39:
 1341 00a9 43795379 		.ascii	"CySysClkWcoStart\000"
 1341      73436C6B 
 1341      57636F53 
 1341      74617274 
 1341      00
ARM GAS  C:\Users\username\AppData\Local\Temp\ccl8iJAI.s 			page 31


 1342              	.LASF21:
 1343 00ba 43594D45 		.ascii	"CYMEMZERO\000"
 1343      4D5A4552 
 1343      4F00
 1344              	.LASF36:
 1345 00c4 433A5C55 		.ascii	"C:\\Users\\username\\Dropbox\\PSoC Creator\\304 Exa"
 1345      73657273 
 1345      5C757365 
 1345      726E616D 
 1345      655C4472 
 1346 00f2 6D706C65 		.ascii	"mple\\Bluetooth_central_client\\client_test.cydsn\000"
 1346      5C426C75 
 1346      65746F6F 
 1346      74685F63 
 1346      656E7472 
 1347              	.LASF2:
 1348 0122 756E7369 		.ascii	"unsigned char\000"
 1348      676E6564 
 1348      20636861 
 1348      7200
 1349              	.LASF27:
 1350 0130 6D656D73 		.ascii	"memset\000"
 1350      657400
 1351              	.LASF16:
 1352 0137 646F7562 		.ascii	"double\000"
 1352      6C6500
 1353              	.LASF40:
 1354 013e 4379496E 		.ascii	"CyIntEnable\000"
 1354      74456E61 
 1354      626C6500 
 1355              	.LASF13:
 1356 014a 75696E74 		.ascii	"uint16\000"
 1356      313600
 1357              	.LASF17:
 1358 0151 63797374 		.ascii	"cystatus\000"
 1358      61747573 
 1358      00
 1359              	.LASF14:
 1360 015a 75696E74 		.ascii	"uint32\000"
 1360      333200
 1361              	.LASF0:
 1362 0161 756E7369 		.ascii	"unsigned int\000"
 1362      676E6564 
 1362      20696E74 
 1362      00
 1363              	.LASF38:
 1364 016e 63796669 		.ascii	"cyfitter_cfg\000"
 1364      74746572 
 1364      5F636667 
 1364      00
 1365              	.LASF23:
 1366 017b 61646472 		.ascii	"address\000"
 1366      65737300 
 1367              	.LASF8:
 1368 0183 6C6F6E67 		.ascii	"long long unsigned int\000"
 1368      206C6F6E 
 1368      6720756E 
ARM GAS  C:\Users\username\AppData\Local\Temp\ccl8iJAI.s 			page 32


 1368      7369676E 
 1368      65642069 
 1369              	.LASF20:
 1370 019a 63796973 		.ascii	"cyisraddress\000"
 1370      72616464 
 1370      72657373 
 1370      00
 1371              	.LASF25:
 1372 01a7 6366675F 		.ascii	"cfg_memset_t\000"
 1372      6D656D73 
 1372      65745F74 
 1372      00
 1373              	.LASF35:
 1374 01b4 2E5C4765 		.ascii	".\\Generated_Source\\PSoC4\\cyfitter_cfg.c\000"
 1374      6E657261 
 1374      7465645F 
 1374      536F7572 
 1374      63655C50 
 1375              	.LASF9:
 1376 01dc 73697A65 		.ascii	"sizetype\000"
 1376      74797065 
 1376      00
 1377              	.LASF7:
 1378 01e5 6C6F6E67 		.ascii	"long long int\000"
 1378      206C6F6E 
 1378      6720696E 
 1378      7400
 1379              	.LASF32:
 1380 01f3 43794465 		.ascii	"CyDelayUs\000"
 1380      6C617955 
 1380      7300
 1381              	.LASF10:
 1382 01fd 63686172 		.ascii	"char\000"
 1382      00
 1383              	.LASF31:
 1384 0202 43795379 		.ascii	"CySysClkEcoStart\000"
 1384      73436C6B 
 1384      45636F53 
 1384      74617274 
 1384      00
 1385              	.LASF34:
 1386 0213 474E5520 		.ascii	"GNU C 4.9.3 20150303 (release) [ARM/embedded-4_9-br"
 1386      4320342E 
 1386      392E3320 
 1386      32303135 
 1386      30333033 
 1387 0246 616E6368 		.ascii	"anch revision 221220] -mcpu=cortex-m0 -mthumb -g -O"
 1387      20726576 
 1387      6973696F 
 1387      6E203232 
 1387      31323230 
 1388 0279 67202D66 		.ascii	"g -ffunction-sections -ffat-lto-objects\000"
 1388      66756E63 
 1388      74696F6E 
 1388      2D736563 
 1388      74696F6E 
 1389              	.LASF3:
ARM GAS  C:\Users\username\AppData\Local\Temp\ccl8iJAI.s 			page 33


 1390 02a1 73686F72 		.ascii	"short int\000"
 1390      7420696E 
 1390      7400
 1391              	.LASF29:
 1392 02ab 43795379 		.ascii	"CySysClkWriteImoFreq\000"
 1392      73436C6B 
 1392      57726974 
 1392      65496D6F 
 1392      46726571 
 1393              	.LASF5:
 1394 02c0 6C6F6E67 		.ascii	"long int\000"
 1394      20696E74 
 1394      00
 1395              	.LASF1:
 1396 02c9 7369676E 		.ascii	"signed char\000"
 1396      65642063 
 1396      68617200 
 1397              		.ident	"GCC: (GNU Tools for ARM Embedded Processors) 4.9.3 20150303 (release) [ARM/embedded-4_9-br
